#
# There is insufficient memory for the Java Runtime Environment to continue.
# Native memory allocation (malloc) failed to allocate 237792 bytes. Error detail: Chunk::new
# Possible reasons:
#   The system is out of physical RAM or swap space
#   This process is running with CompressedOops enabled, and the Java Heap may be blocking the growth of the native heap
# Possible solutions:
#   Reduce memory load on the system
#   Increase physical memory or swap space
#   Check if swap backing store is full
#   Decrease Java heap size (-Xmx/-Xms)
#   Decrease number of Java threads
#   Decrease Java thread stack sizes (-Xss)
#   Set larger code cache with -XX:ReservedCodeCacheSize=
#   JVM is running with Unscaled Compressed Oops mode in which the Java heap is
#     placed in the first 4GB address space. The Java Heap base address is the
#     maximum limit for the native heap growth. Please use -XX:HeapBaseMinAddress
#     to set the Java Heap base and to place the Java Heap above 4GB virtual address.
# This output file may be truncated or incomplete.
#
#  Out of Memory Error (arena.cpp:168), pid=20936, tid=25396
#
# JRE version: OpenJDK Runtime Environment Temurin-21.0.11+10 (21.0.11+10) (build 21.0.11+10-LTS)
# Java VM: OpenJDK 64-Bit Server VM Temurin-21.0.11+10 (21.0.11+10-LTS, mixed mode, sharing, tiered, compressed oops, compressed class ptrs, parallel gc, windows-amd64)
# No core dump will be written. Minidumps are not enabled by default on client versions of Windows
#

---------------  S U M M A R Y ------------

Command Line: --add-modules=ALL-SYSTEM --add-opens=java.base/java.util=ALL-UNNAMED --add-opens=java.base/java.lang=ALL-UNNAMED --add-opens=java.base/sun.nio.fs=ALL-UNNAMED -Declipse.application=org.eclipse.jdt.ls.core.id1 -Dosgi.bundles.defaultStartLevel=4 -Declipse.product=org.eclipse.jdt.ls.core.product -Djava.import.generatesMetadataFilesAtProjectRoot=false -DDetectVMInstallationsJob.disabled=true -Dfile.encoding=utf8 -XX:+UseParallelGC -XX:GCTimeRatio=4 -XX:AdaptiveSizePolicyWeight=90 -Dsun.zip.disableMemoryMapping=true -Xmx2G -Xms100m -Xlog:disable -javaagent:c:\Users\tacfs\.vscode\extensions\redhat.java-1.55.0-win32-x64\lombok\lombok-1.18.39-4050.jar -XX:+HeapDumpOnOutOfMemoryError -XX:HeapDumpPath=c:\Users\tacfs\AppData\Roaming\Code\User\workspaceStorage\33469da54a707f922110a5d1e41f9150\redhat.java -Daether.dependencyCollector.impl=bf c:\Users\tacfs\.vscode\extensions\redhat.java-1.55.0-win32-x64\server\plugins\org.eclipse.equinox.launcher_1.7.200.v20260619-2039.jar -configuration c:\Users\tacfs\AppData\Roaming\Code\User\globalStorage\redhat.java\1.55.0\config_win -data c:\Users\tacfs\AppData\Roaming\Code\User\workspaceStorage\33469da54a707f922110a5d1e41f9150\redhat.java\jdt_ws --pipe=\\.\pipe\lsp-e3d5719997c62336b62857a5922c61a6-sock

Host: 11th Gen Intel(R) Core(TM) i5-11400F @ 2.60GHz, 12 cores, 7G,  Windows 11 , 64 bit Build 26100 (10.0.26100.9278)
Time: Tue Sep  1 17:43:10 2026 Hora oficial do Brasil elapsed time: 1.875620 seconds (0d 0h 0m 1s)

---------------  T H R E A D  ---------------

Current thread (0x000002057094e6c0):  JavaThread "C2 CompilerThread0" daemon [_thread_in_native, id=25396, stack(0x0000008449500000,0x0000008449600000) (1024K)]


Current CompileTask:
C2:1875 1612   !   4       lombok.patcher.ScriptManager$OurClassFileTransformer::transform (473 bytes)

Stack: [0x0000008449500000,0x0000008449600000]
Native frames: (J=compiled Java code, j=interpreted, Vv=VM code, C=native code)
V  [jvm.dll+0x6d7e19]
V  [jvm.dll+0x8b5096]
V  [jvm.dll+0x8b764e]
V  [jvm.dll+0x8b7d33]
V  [jvm.dll+0x284596]
V  [jvm.dll+0xc685d]
V  [jvm.dll+0xc6da1]
V  [jvm.dll+0x3bed6b]
V  [jvm.dll+0x38b2b2]
V  [jvm.dll+0x38a6fa]
V  [jvm.dll+0x24c700]
V  [jvm.dll+0x24bce0]
V  [jvm.dll+0x1cb4ae]
V  [jvm.dll+0x25baad]
V  [jvm.dll+0x25a03a]
V  [jvm.dll+0x3f868e]
V  [jvm.dll+0x85fb0d]
V  [jvm.dll+0x6d664d]
C  [ucrtbase.dll+0x2cd30]
C  [KERNEL32.DLL+0x2ccb7]
C  [ntdll.dll+0xacaec]


---------------  P R O C E S S  ---------------

Threads class SMR info:
_java_thread_list=0x000002057c85ddb0, length=12, elements={
0x000002057088d240, 0x000002057a02d8a0, 0x000002057a02e560, 0x0000020570937780,
0x00000205709383e0, 0x000002057093a6d0, 0x00000205709422a0, 0x000002057094e6c0,
0x000002057b4b4f00, 0x000002057b6e8bb0, 0x000002057b8205a0, 0x000002057c8f52a0
}

Java Threads: ( => current thread )
  0x000002057088d240 JavaThread "main"                              [_thread_in_native, id=21456, stack(0x0000008448b00000,0x0000008448c00000) (1024K)]
  0x000002057a02d8a0 JavaThread "Reference Handler"          daemon [_thread_blocked, id=17480, stack(0x0000008448f00000,0x0000008449000000) (1024K)]
  0x000002057a02e560 JavaThread "Finalizer"                  daemon [_thread_blocked, id=14468, stack(0x0000008449000000,0x0000008449100000) (1024K)]
  0x0000020570937780 JavaThread "Signal Dispatcher"          daemon [_thread_blocked, id=24184, stack(0x0000008449100000,0x0000008449200000) (1024K)]
  0x00000205709383e0 JavaThread "Attach Listener"            daemon [_thread_blocked, id=10352, stack(0x0000008449200000,0x0000008449300000) (1024K)]
  0x000002057093a6d0 JavaThread "Service Thread"             daemon [_thread_blocked, id=7220, stack(0x0000008449300000,0x0000008449400000) (1024K)]
  0x00000205709422a0 JavaThread "Monitor Deflation Thread"   daemon [_thread_blocked, id=25380, stack(0x0000008449400000,0x0000008449500000) (1024K)]
=>0x000002057094e6c0 JavaThread "C2 CompilerThread0"         daemon [_thread_in_native, id=25396, stack(0x0000008449500000,0x0000008449600000) (1024K)]
  0x000002057b4b4f00 JavaThread "C1 CompilerThread0"         daemon [_thread_blocked, id=24692, stack(0x0000008449600000,0x0000008449700000) (1024K)]
  0x000002057b6e8bb0 JavaThread "Common-Cleaner"             daemon [_thread_blocked, id=13056, stack(0x0000008449800000,0x0000008449900000) (1024K)]
  0x000002057b8205a0 JavaThread "Notification Thread"        daemon [_thread_blocked, id=14388, stack(0x0000008449900000,0x0000008449a00000) (1024K)]
  0x000002057c8f52a0 JavaThread "Active Thread: Equinox Container: afe2fb7b-4997-484f-a801-d6eaed1f0d89"        [_thread_blocked, id=25580, stack(0x0000008449700000,0x0000008449800000) (1024K)]
Total: 12

Other Threads:
  0x000002057b4b0d70 VMThread "VM Thread"                           [id=25592, stack(0x0000008448e00000,0x0000008448f00000) (1024K)]
  0x00000205708fb0c0 WatcherThread "VM Periodic Task Thread"        [id=25188, stack(0x0000008448d00000,0x0000008448e00000) (1024K)]
  0x00000205708ab640 WorkerThread "GC Thread#0"                     [id=2792, stack(0x0000008448c00000,0x0000008448d00000) (1024K)]
  0x000002057b86ba00 WorkerThread "GC Thread#1"                     [id=21152, stack(0x0000008449a00000,0x0000008449b00000) (1024K)]
  0x000002057b86b2a0 WorkerThread "GC Thread#2"                     [id=22296, stack(0x0000008449b00000,0x0000008449c00000) (1024K)]
  0x000002057b86bdb0 WorkerThread "GC Thread#3"                     [id=7248, stack(0x0000008449c00000,0x0000008449d00000) (1024K)]
  0x000002057b86cc70 WorkerThread "GC Thread#4"                     [id=1436, stack(0x0000008449d00000,0x0000008449e00000) (1024K)]
  0x000002057b86b650 WorkerThread "GC Thread#5"                     [id=25280, stack(0x0000008449e00000,0x0000008449f00000) (1024K)]
  0x000002057b86c510 WorkerThread "GC Thread#6"                     [id=12916, stack(0x0000008449f00000,0x000000844a000000) (1024K)]
Total: 9

Threads with active compile tasks:
C2 CompilerThread0  1928 1612   !   4       lombok.patcher.ScriptManager$OurClassFileTransformer::transform (473 bytes)
Total: 1

VM state: not at safepoint (normal execution)

VM Mutex/Monitor currently owned by a thread: None

Heap address: 0x0000000080000000, size: 2048 MB, Compressed Oops mode: 32-bit

CDS archive(s) mapped at: [0x000002050f000000-0x000002050fba0000-0x000002050fba0000), size 12189696, SharedBaseAddress: 0x000002050f000000, ArchiveRelocationMode: 1.
Compressed class space mapped at: 0x0000020510000000-0x0000020550000000, reserved size: 1073741824
Narrow klass base: 0x000002050f000000, Narrow klass shift: 0, Narrow klass range: 0x100000000

GC Precious Log:
 CardTable entry size: 512
 CPUs: 12 total, 12 available
 Memory: 8075M
 Large Page Support: Disabled
 NUMA Support: Disabled
 Compressed Oops: Enabled (32-bit)
 Alignments: Space 512K, Generation 512K, Heap 2M
 Heap Min Capacity: 100M
 Heap Initial Capacity: 100M
 Heap Max Capacity: 2G
 Pre-touch: Disabled
 Parallel Workers: 10

Heap:
 PSYoungGen      total 29696K, used 27780K [0x00000000d5580000, 0x00000000d7680000, 0x0000000100000000)
  eden space 25600K, 95% used [0x00000000d5580000,0x00000000d6d691b8,0x00000000d6e80000)
  from space 4096K, 80% used [0x00000000d6e80000,0x00000000d71b8158,0x00000000d7280000)
  to   space 4096K, 0% used [0x00000000d7280000,0x00000000d7280000,0x00000000d7680000)
 ParOldGen       total 68608K, used 16K [0x0000000080000000, 0x0000000084300000, 0x00000000d5580000)
  object space 68608K, 0% used [0x0000000080000000,0x0000000080004000,0x0000000084300000)
 Metaspace       used 7943K, committed 8192K, reserved 1114112K
  class space    used 830K, committed 960K, reserved 1048576K

Card table byte_map: [0x0000020575370000,0x0000020575780000] _byte_map_base: 0x0000020574f70000

Marking Bits: (ParMarkBitMap*) 0x00007ff901be4460
 Begin Bits: [0x0000020575a30000, 0x0000020577a30000)
 End Bits:   [0x0000020577a30000, 0x0000020579a30000)

Polling page: 0x00000205705b0000

Metaspace:

Usage:
  Non-class:      6.95 MB used.
      Class:    830.03 KB used.
       Both:      7.76 MB used.

Virtual space:
  Non-class space:       64.00 MB reserved,       7.06 MB ( 11%) committed,  1 nodes.
      Class space:        1.00 GB reserved,     960.00 KB ( <1%) committed,  1 nodes.
             Both:        1.06 GB reserved,       8.00 MB ( <1%) committed. 

Chunk freelists:
   Non-Class:  8.83 MB
       Class:  14.91 MB
        Both:  23.73 MB

MaxMetaspaceSize: unlimited
CompressedClassSpaceSize: 1.00 GB
Initial GC threshold: 21.00 MB
Current GC threshold: 21.00 MB
CDS: on
 - commit_granule_bytes: 65536.
 - commit_granule_words: 8192.
 - virtual_space_node_default_size: 8388608.
 - enlarge_chunks_in_place: 1.
 - use_allocation_guard: 0.


Internal statistics:

num_allocs_failed_limit: 0.
num_arena_births: 228.
num_arena_deaths: 0.
num_vsnodes_births: 2.
num_vsnodes_deaths: 0.
num_space_committed: 128.
num_space_uncommitted: 0.
num_chunks_returned_to_freelist: 0.
num_chunks_taken_from_freelist: 419.
num_chunk_merges: 0.
num_chunk_splits: 271.
num_chunks_enlarged: 178.
num_inconsistent_stats: 0.

CodeHeap 'non-profiled nmethods': size=120000Kb used=697Kb max_used=697Kb free=119303Kb
 bounds [0x0000020507ad0000, 0x0000020507d40000, 0x000002050f000000]
CodeHeap 'profiled nmethods': size=120000Kb used=3153Kb max_used=3153Kb free=116846Kb
 bounds [0x0000020500000000, 0x0000020500320000, 0x0000020507530000]
CodeHeap 'non-nmethods': size=5760Kb used=1226Kb max_used=1240Kb free=4533Kb
 bounds [0x0000020507530000, 0x00000205077a0000, 0x0000020507ad0000]
CodeCache: size=245760Kb, used=5076Kb, max_used=5090Kb, free=240682Kb
 total_blobs=2228, nmethods=1745, adapters=390, full_count=0
Compilation: enabled, stopped_count=0, restarted_count=0

Compilation events (20 events):
Event: 1.865 Thread 0x000002057b4b4f00 1701       1       org.eclipse.osgi.framework.eventmgr.CopyOnWriteIdentityMap$Entry::getValue (5 bytes)
Event: 1.865 Thread 0x000002057b4b4f00 nmethod 1701 0x0000020507b7d510 code [0x0000020507b7d6a0, 0x0000020507b7d768]
Event: 1.865 Thread 0x000002057b4b4f00 1702       1       org.osgi.framework.ServiceEvent::getServiceReference (5 bytes)
Event: 1.865 Thread 0x000002057b4b4f00 nmethod 1702 0x0000020507b7d810 code [0x0000020507b7d9a0, 0x0000020507b7da68]
Event: 1.866 Thread 0x000002057b4b4f00 1703       3       java.lang.invoke.LambdaForm$DMH/0x0000020510098400::newInvokeSpecial (27 bytes)
Event: 1.867 Thread 0x000002057b4b4f00 nmethod 1703 0x00000205002f5910 code [0x00000205002f5b20, 0x00000205002f6358]
Event: 1.868 Thread 0x000002057b4b4f00 1704       3       sun.security.provider.SHA2::resetHashes (19 bytes)
Event: 1.868 Thread 0x000002057b4b4f00 nmethod 1704 0x00000205002f6610 code [0x00000205002f67c0, 0x00000205002f6970]
Event: 1.868 Thread 0x000002057b4b4f00 1705   !   3       sun.security.provider.DigestBase::engineDigest (33 bytes)
Event: 1.869 Thread 0x000002057b4b4f00 nmethod 1705 0x00000205002f6a90 code [0x00000205002f6c60, 0x00000205002f6f10]
Event: 1.869 Thread 0x000002057b4b4f00 1708       3       sun.security.provider.ByteArrayAccess::i2bBig (33 bytes)
Event: 1.869 Thread 0x000002057b4b4f00 nmethod 1708 0x00000205002f7010 code [0x00000205002f7220, 0x00000205002f7920]
Event: 1.869 Thread 0x000002057b4b4f00 1706       3       sun.security.provider.DigestBase::engineDigest (112 bytes)
Event: 1.870 Thread 0x000002057b4b4f00 nmethod 1706 0x00000205002f7c90 code [0x00000205002f7f60, 0x00000205002f8b68]
Event: 1.870 Thread 0x000002057b4b4f00 1707       3       sun.security.provider.SHA2::implDigest (98 bytes)
Event: 1.872 Thread 0x000002057b4b4f00 nmethod 1707 0x00000205002f9010 code [0x00000205002f9320, 0x00000205002fa460]
Event: 1.872 Thread 0x000002057b4b4f00 1709       1       org.eclipse.osgi.internal.serviceregistry.ServiceRegistrationImpl::getId (5 bytes)
Event: 1.872 Thread 0x000002057b4b4f00 nmethod 1709 0x0000020507b7db10 code [0x0000020507b7dca0, 0x0000020507b7dd68]
Event: 1.872 Thread 0x000002057b4b4f00 1710       1       org.eclipse.osgi.internal.serviceregistry.ServiceRegistrationImpl::getClasses (5 bytes)
Event: 1.872 Thread 0x000002057b4b4f00 nmethod 1710 0x0000020507b7de10 code [0x0000020507b7dfa0, 0x0000020507b7e068]

GC Heap History (2 events):
Event: 0.904 GC heap before
{Heap before GC invocations=1 (full 0):
 PSYoungGen      total 29696K, used 25600K [0x00000000d5580000, 0x00000000d7680000, 0x0000000100000000)
  eden space 25600K, 100% used [0x00000000d5580000,0x00000000d6e80000,0x00000000d6e80000)
  from space 4096K, 0% used [0x00000000d7280000,0x00000000d7280000,0x00000000d7680000)
  to   space 4096K, 0% used [0x00000000d6e80000,0x00000000d6e80000,0x00000000d7280000)
 ParOldGen       total 68608K, used 0K [0x0000000080000000, 0x0000000084300000, 0x00000000d5580000)
  object space 68608K, 0% used [0x0000000080000000,0x0000000080000000,0x0000000084300000)
 Metaspace       used 4380K, committed 4608K, reserved 1114112K
  class space    used 475K, committed 576K, reserved 1048576K
}
Event: 0.912 GC heap after
{Heap after GC invocations=1 (full 0):
 PSYoungGen      total 29696K, used 3296K [0x00000000d5580000, 0x00000000d7680000, 0x0000000100000000)
  eden space 25600K, 0% used [0x00000000d5580000,0x00000000d5580000,0x00000000d6e80000)
  from space 4096K, 80% used [0x00000000d6e80000,0x00000000d71b8158,0x00000000d7280000)
  to   space 4096K, 0% used [0x00000000d7280000,0x00000000d7280000,0x00000000d7680000)
 ParOldGen       total 68608K, used 16K [0x0000000080000000, 0x0000000084300000, 0x00000000d5580000)
  object space 68608K, 0% used [0x0000000080000000,0x0000000080004000,0x0000000084300000)
 Metaspace       used 4380K, committed 4608K, reserved 1114112K
  class space    used 475K, committed 576K, reserved 1048576K
}

Dll operation events (8 events):
Event: 0.015 Loaded shared library c:\Users\tacfs\.vscode\extensions\redhat.java-1.55.0-win32-x64\jre\21.0.11-win32-x86_64\bin\java.dll
Event: 0.086 Loaded shared library c:\Users\tacfs\.vscode\extensions\redhat.java-1.55.0-win32-x64\jre\21.0.11-win32-x86_64\bin\zip.dll
Event: 0.105 Loaded shared library C:\Users\tacfs\.vscode\extensions\redhat.java-1.55.0-win32-x64\jre\21.0.11-win32-x86_64\bin\instrument.dll
Event: 0.113 Loaded shared library C:\Users\tacfs\.vscode\extensions\redhat.java-1.55.0-win32-x64\jre\21.0.11-win32-x86_64\bin\net.dll
Event: 0.116 Loaded shared library C:\Users\tacfs\.vscode\extensions\redhat.java-1.55.0-win32-x64\jre\21.0.11-win32-x86_64\bin\nio.dll
Event: 0.120 Loaded shared library C:\Users\tacfs\.vscode\extensions\redhat.java-1.55.0-win32-x64\jre\21.0.11-win32-x86_64\bin\zip.dll
Event: 0.141 Loaded shared library C:\Users\tacfs\.vscode\extensions\redhat.java-1.55.0-win32-x64\jre\21.0.11-win32-x86_64\bin\jimage.dll
Event: 0.272 Loaded shared library c:\Users\tacfs\.vscode\extensions\redhat.java-1.55.0-win32-x64\jre\21.0.11-win32-x86_64\bin\verify.dll

Deoptimization events (20 events):
Event: 1.769 Thread 0x000002057088d240 Uncommon trap: trap_request=0xffffffde fr.pc=0x0000020507b63024 relative=0x0000000000000964
Event: 1.769 Thread 0x000002057088d240 Uncommon trap: reason=class_check action=maybe_recompile pc=0x0000020507b63024 method=java.util.HashMap.putVal(ILjava/lang/Object;Ljava/lang/Object;ZZ)Ljava/lang/Object; @ 253 c2
Event: 1.770 Thread 0x000002057088d240 DEOPT PACKING pc=0x0000020507b63024 sp=0x0000008448bfe330
Event: 1.770 Thread 0x000002057088d240 DEOPT UNPACKING pc=0x0000020507586da2 sp=0x0000008448bfe258 mode 2
Event: 1.773 Thread 0x000002057088d240 Uncommon trap: trap_request=0xffffffde fr.pc=0x0000020507b63024 relative=0x0000000000000964
Event: 1.773 Thread 0x000002057088d240 Uncommon trap: reason=class_check action=maybe_recompile pc=0x0000020507b63024 method=java.util.HashMap.putVal(ILjava/lang/Object;Ljava/lang/Object;ZZ)Ljava/lang/Object; @ 253 c2
Event: 1.773 Thread 0x000002057088d240 DEOPT PACKING pc=0x0000020507b63024 sp=0x0000008448bfe330
Event: 1.773 Thread 0x000002057088d240 DEOPT UNPACKING pc=0x0000020507586da2 sp=0x0000008448bfe258 mode 2
Event: 1.775 Thread 0x000002057088d240 Uncommon trap: trap_request=0xffffffde fr.pc=0x0000020507b63024 relative=0x0000000000000964
Event: 1.775 Thread 0x000002057088d240 Uncommon trap: reason=class_check action=maybe_recompile pc=0x0000020507b63024 method=java.util.HashMap.putVal(ILjava/lang/Object;Ljava/lang/Object;ZZ)Ljava/lang/Object; @ 253 c2
Event: 1.775 Thread 0x000002057088d240 DEOPT PACKING pc=0x0000020507b63024 sp=0x0000008448bfe230
Event: 1.775 Thread 0x000002057088d240 DEOPT UNPACKING pc=0x0000020507586da2 sp=0x0000008448bfe158 mode 2
Event: 1.805 Thread 0x000002057088d240 Uncommon trap: trap_request=0xffffffde fr.pc=0x0000020507b63024 relative=0x0000000000000964
Event: 1.805 Thread 0x000002057088d240 Uncommon trap: reason=class_check action=maybe_recompile pc=0x0000020507b63024 method=java.util.HashMap.putVal(ILjava/lang/Object;Ljava/lang/Object;ZZ)Ljava/lang/Object; @ 253 c2
Event: 1.805 Thread 0x000002057088d240 DEOPT PACKING pc=0x0000020507b63024 sp=0x0000008448bfe2a0
Event: 1.805 Thread 0x000002057088d240 DEOPT UNPACKING pc=0x0000020507586da2 sp=0x0000008448bfe1c8 mode 2
Event: 1.806 Thread 0x000002057088d240 Uncommon trap: trap_request=0xffffffde fr.pc=0x0000020507ae03d8 relative=0x0000000000000498
Event: 1.806 Thread 0x000002057088d240 Uncommon trap: reason=class_check action=maybe_recompile pc=0x0000020507ae03d8 method=java.util.HashMap.putVal(ILjava/lang/Object;Ljava/lang/Object;ZZ)Ljava/lang/Object; @ 253 c2
Event: 1.806 Thread 0x000002057088d240 DEOPT PACKING pc=0x0000020507ae03d8 sp=0x0000008448bfe200
Event: 1.806 Thread 0x000002057088d240 DEOPT UNPACKING pc=0x0000020507586da2 sp=0x0000008448bfe1c0 mode 2

Classes loaded (20 events):
Event: 1.735 Loading class java/net/ContentHandlerFactory
Event: 1.735 Loading class java/net/ContentHandlerFactory done
Event: 1.772 Loading class java/util/ConcurrentModificationException
Event: 1.772 Loading class java/util/ConcurrentModificationException done
Event: 1.796 Loading class java/util/LinkedList
Event: 1.797 Loading class java/util/AbstractSequentialList
Event: 1.797 Loading class java/util/AbstractSequentialList done
Event: 1.797 Loading class java/util/LinkedList done
Event: 1.813 Loading class java/net/ContentHandler
Event: 1.813 Loading class java/net/ContentHandler done
Event: 1.814 Loading class java/net/UrlDeserializedState
Event: 1.814 Loading class java/net/UrlDeserializedState done
Event: 1.814 Loading class java/lang/reflect/InaccessibleObjectException
Event: 1.814 Loading class java/lang/reflect/InaccessibleObjectException done
Event: 1.818 Loading class sun/awt/www/content/MultimediaContentHandlers
Event: 1.818 Loading class sun/awt/www/content/MultimediaContentHandlers done
Event: 1.819 Loading class java/lang/StackWalker$Option
Event: 1.820 Loading class java/lang/StackWalker$Option done
Event: 1.872 Loading class javax/xml/parsers/ParserConfigurationException
Event: 1.872 Loading class javax/xml/parsers/ParserConfigurationException done

Classes unloaded (0 events):
No events

Classes redefined (0 events):
No events

Internal exceptions (20 events):
Event: 0.708 Thread 0x000002057088d240 Exception <a 'java/lang/NoSuchMethodError'{0x00000000d6600860}: 'java.lang.Object java.lang.invoke.DirectMethodHandle$Holder.invokeInterface(java.lang.Object, java.lang.Object, int)'> (0x00000000d6600860) 
thrown [s\src\hotspot\share\interpreter\linkResolver.cpp, line 773]
Event: 0.838 Thread 0x000002057088d240 Exception <a 'java/lang/NoSuchMethodError'{0x00000000d6a67fe8}: 'java.lang.ClassLoader java.lang.ClassLoader.getPlatformClassLoader(java.lang.Class)'> (0x00000000d6a67fe8) 
thrown [s\src\hotspot\share\interpreter\linkResolver.cpp, line 773]
Event: 0.915 Thread 0x000002057088d240 Exception <a 'java/lang/ClassNotFoundException'{0x00000000d5585890}: sun/net/www/protocol/c/Handler> (0x00000000d5585890) 
thrown [s\src\hotspot\share\classfile\systemDictionary.cpp, line 313]
Event: 0.915 Thread 0x000002057088d240 Exception <a 'java/lang/ClassNotFoundException'{0x00000000d5586c78}: sun/net/www/protocol/c/Handler> (0x00000000d5586c78) 
thrown [s\src\hotspot\share\classfile\systemDictionary.cpp, line 313]
Event: 0.915 Thread 0x000002057088d240 Exception <a 'java/lang/ClassNotFoundException'{0x00000000d5587ed8}: sun/net/www/protocol/c/Handler> (0x00000000d5587ed8) 
thrown [s\src\hotspot\share\classfile\systemDictionary.cpp, line 313]
Event: 0.938 Thread 0x000002057088d240 Exception <a 'java/io/FileNotFoundException'{0x00000000d55b12e0}> (0x00000000d55b12e0) 
thrown [s\src\hotspot\share\prims\jni.cpp, line 520]
Event: 0.985 Thread 0x000002057088d240 Implicit null exception at 0x0000020507b2a429 to 0x0000020507b2acc4
Event: 0.986 Thread 0x000002057088d240 Implicit null exception at 0x0000020507b3a19a to 0x0000020507b3a3a0
Event: 0.987 Thread 0x000002057088d240 Exception <a 'java/lang/NoSuchMethodError'{0x00000000d56e3f98}: 'void java.lang.invoke.DirectMethodHandle$Holder.invokeStatic(java.lang.Object, java.lang.Object, java.lang.Object, java.lang.Object)'> (0x00000000d56e3f98) 
thrown [s\src\hotspot\share\interpreter\linkResolver.cpp, line 773]
Event: 0.989 Thread 0x000002057088d240 Implicit null exception at 0x0000020507b3181a to 0x0000020507b31a1c
Event: 0.989 Thread 0x000002057088d240 Implicit null exception at 0x0000020507b2d43d to 0x0000020507b2d4c1
Event: 1.241 Thread 0x000002057088d240 Exception <a 'java/lang/NoSuchMethodError'{0x00000000d59cb5e0}: 'void java.lang.invoke.DirectMethodHandle$Holder.invokeSpecial(java.lang.Object, java.lang.Object, java.lang.Object)'> (0x00000000d59cb5e0) 
thrown [s\src\hotspot\share\interpreter\linkResolver.cpp, line 773]
Event: 1.571 Thread 0x000002057088d240 Exception <a 'java/lang/NoSuchMethodError'{0x00000000d6437778}: 'int java.lang.invoke.DirectMethodHandle$Holder.invokeVirtual(java.lang.Object, java.lang.Object)'> (0x00000000d6437778) 
thrown [s\src\hotspot\share\interpreter\linkResolver.cpp, line 773]
Event: 1.662 Thread 0x000002057088d240 Exception <a 'java/lang/NoSuchMethodError'{0x00000000d65bf8e8}: 'int java.lang.invoke.DirectMethodHandle$Holder.invokeStaticInit(java.lang.Object, java.lang.Object, java.lang.Object, java.lang.Object)'> (0x00000000d65bf8e8) 
thrown [s\src\hotspot\share\interpreter\linkResolver.cpp, line 773]
Event: 1.667 Thread 0x000002057088d240 Exception <a 'java/lang/IncompatibleClassChangeError'{0x00000000d65c7fd0}: Found class java.lang.Object, but interface was expected> (0x00000000d65c7fd0) 
thrown [s\src\hotspot\share\interpreter\linkResolver.cpp, line 840]
Event: 1.669 Thread 0x000002057088d240 Exception <a 'java/lang/NoSuchMethodError'{0x00000000d65cee80}: 'void java.lang.invoke.DirectMethodHandle$Holder.invokeStaticInit(java.lang.Object, java.lang.Object)'> (0x00000000d65cee80) 
thrown [s\src\hotspot\share\interpreter\linkResolver.cpp, line 773]
Event: 1.672 Thread 0x000002057088d240 Exception <a 'java/lang/NoSuchMethodError'{0x00000000d65d8958}: 'int java.lang.invoke.DirectMethodHandle$Holder.invokeStaticInit(java.lang.Object, java.lang.Object)'> (0x00000000d65d8958) 
thrown [s\src\hotspot\share\interpreter\linkResolver.cpp, line 773]
Event: 1.750 Thread 0x000002057088d240 Exception <a 'java/lang/NoSuchMethodError'{0x00000000d6847f10}: 'java.lang.Object java.lang.invoke.DirectMethodHandle$Holder.newInvokeSpecial(java.lang.Object, int, java.lang.Object)'> (0x00000000d6847f10) 
thrown [s\src\hotspot\share\interpreter\linkResolver.cpp, line 773]
Event: 1.825 Thread 0x000002057088d240 Exception <a 'java/lang/ClassNotFoundException'{0x00000000d6a6e2b8}: sun/net/www/protocol/plurl/Handler> (0x00000000d6a6e2b8) 
thrown [s\src\hotspot\share\classfile\systemDictionary.cpp, line 313]
Event: 1.825 Thread 0x000002057088d240 Exception <a 'java/lang/ClassNotFoundException'{0x00000000d6a6f138}: sun/net/www/protocol/plurl/Handler> (0x00000000d6a6f138) 
thrown [s\src\hotspot\share\classfile\systemDictionary.cpp, line 313]

ZGC Phase Switch (0 events):
No events

VM Operations (20 events):
Event: 0.156 Executing non-safepoint VM operation: HandshakeAllThreads (Deoptimize)
Event: 0.156 Executing non-safepoint VM operation: HandshakeAllThreads (Deoptimize) done
Event: 0.584 Executing non-safepoint VM operation: HandshakeAllThreads (Deoptimize)
Event: 0.584 Executing non-safepoint VM operation: HandshakeAllThreads (Deoptimize) done
Event: 0.601 Executing non-safepoint VM operation: HandshakeAllThreads (Deoptimize)
Event: 0.602 Executing non-safepoint VM operation: HandshakeAllThreads (Deoptimize) done
Event: 0.880 Executing safepoint VM operation: ICBufferFull
Event: 0.880 Executing safepoint VM operation: ICBufferFull done
Event: 0.889 Executing non-safepoint VM operation: HandshakeAllThreads (Deoptimize)
Event: 0.889 Executing non-safepoint VM operation: HandshakeAllThreads (Deoptimize) done
Event: 0.904 Executing safepoint VM operation: ParallelGCFailedAllocation (Allocation Failure)
Event: 0.912 Executing safepoint VM operation: ParallelGCFailedAllocation (Allocation Failure) done
Event: 1.711 Executing non-safepoint VM operation: HandshakeAllThreads (Deoptimize)
Event: 1.712 Executing non-safepoint VM operation: HandshakeAllThreads (Deoptimize) done
Event: 1.728 Executing non-safepoint VM operation: HandshakeAllThreads (Deoptimize)
Event: 1.728 Executing non-safepoint VM operation: HandshakeAllThreads (Deoptimize) done
Event: 1.797 Executing non-safepoint VM operation: HandshakeAllThreads (Deoptimize)
Event: 1.797 Executing non-safepoint VM operation: HandshakeAllThreads (Deoptimize) done
Event: 1.815 Executing non-safepoint VM operation: HandshakeAllThreads (Deoptimize)
Event: 1.815 Executing non-safepoint VM operation: HandshakeAllThreads (Deoptimize) done

Memory protections (0 events):
No events

Nmethod flushes (0 events):
No events

Events (14 events):
Event: 0.041 Thread 0x000002057088d240 Thread added: 0x000002057088d240
Event: 0.057 Thread 0x000002057088d240 Thread added: 0x000002057a02d8a0
Event: 0.057 Thread 0x000002057088d240 Thread added: 0x000002057a02e560
Event: 0.058 Thread 0x000002057088d240 Thread added: 0x0000020570937780
Event: 0.058 Thread 0x000002057088d240 Thread added: 0x00000205709383e0
Event: 0.058 Thread 0x000002057088d240 Thread added: 0x000002057093a6d0
Event: 0.058 Thread 0x000002057088d240 Thread added: 0x00000205709422a0
Event: 0.058 Thread 0x000002057088d240 Thread added: 0x000002057094e6c0
Event: 0.058 Thread 0x000002057088d240 Thread added: 0x000002057b4b4f00
Event: 0.094 Thread 0x000002057b4b4f00 Thread added: 0x000002057b6843a0
Event: 0.107 Thread 0x000002057088d240 Thread added: 0x000002057b6e8bb0
Event: 0.418 Thread 0x000002057088d240 Thread added: 0x000002057b8205a0
Event: 1.213 Thread 0x000002057b6843a0 Thread exited: 0x000002057b6843a0
Event: 1.693 Thread 0x000002057088d240 Thread added: 0x000002057c8f52a0


Dynamic libraries:
0x00007ff626ee0000 - 0x00007ff626eee000 	c:\Users\tacfs\.vscode\extensions\redhat.java-1.55.0-win32-x64\jre\21.0.11-win32-x86_64\bin\java.exe
0x00007ff9a1d00000 - 0x00007ff9a1f67000 	C:\WINDOWS\SYSTEM32\ntdll.dll
0x00007ff99fd80000 - 0x00007ff99fe4a000 	C:\WINDOWS\System32\KERNEL32.DLL
0x00007ff99f2d0000 - 0x00007ff99f6d2000 	C:\WINDOWS\System32\KERNELBASE.dll
0x00007ff99f170000 - 0x00007ff99f2bc000 	C:\WINDOWS\System32\ucrtbase.dll
0x00007ff96b980000 - 0x00007ff96b99e000 	c:\Users\tacfs\.vscode\extensions\redhat.java-1.55.0-win32-x64\jre\21.0.11-win32-x86_64\bin\VCRUNTIME140.dll
0x00007ff992ff0000 - 0x00007ff993008000 	c:\Users\tacfs\.vscode\extensions\redhat.java-1.55.0-win32-x64\jre\21.0.11-win32-x86_64\bin\jli.dll
0x00007ff9a1790000 - 0x00007ff9a195f000 	C:\WINDOWS\System32\USER32.dll
0x00007ff99ef10000 - 0x00007ff99ef37000 	C:\WINDOWS\System32\win32u.dll
0x00007ff981940000 - 0x00007ff981bd0000 	C:\WINDOWS\WinSxS\amd64_microsoft.windows.common-controls_6595b64144ccf1df_6.0.26100.9278_none_3e0d1ba8e3303201\COMCTL32.dll
0x00007ff9a15e0000 - 0x00007ff9a160b000 	C:\WINDOWS\System32\GDI32.dll
0x00007ff9a03c0000 - 0x00007ff9a0469000 	C:\WINDOWS\System32\msvcrt.dll
0x00007ff99f6e0000 - 0x00007ff99f809000 	C:\WINDOWS\System32\gdi32full.dll
0x00007ff99f000000 - 0x00007ff99f0a3000 	C:\WINDOWS\System32\msvcp_win.dll
0x00007ff9a06e0000 - 0x00007ff9a0711000 	C:\WINDOWS\System32\IMM32.DLL
0x00007ff984a20000 - 0x00007ff984a2c000 	c:\Users\tacfs\.vscode\extensions\redhat.java-1.55.0-win32-x64\jre\21.0.11-win32-x86_64\bin\vcruntime140_1.dll
0x00007ff943e10000 - 0x00007ff943e9d000 	c:\Users\tacfs\.vscode\extensions\redhat.java-1.55.0-win32-x64\jre\21.0.11-win32-x86_64\bin\msvcp140.dll
0x00007ff900f20000 - 0x00007ff901cc2000 	c:\Users\tacfs\.vscode\extensions\redhat.java-1.55.0-win32-x64\jre\21.0.11-win32-x86_64\bin\server\jvm.dll
0x00007ff9a01f0000 - 0x00007ff9a02ac000 	C:\WINDOWS\System32\ADVAPI32.dll
0x00007ff9a0810000 - 0x00007ff9a08b9000 	C:\WINDOWS\System32\sechost.dll
0x00007ff99fc60000 - 0x00007ff99fd78000 	C:\WINDOWS\System32\RPCRT4.dll
0x00007ff9a1c30000 - 0x00007ff9a1cb0000 	C:\WINDOWS\System32\WS2_32.dll
0x00007ff99ecc0000 - 0x00007ff99ed1e000 	C:\WINDOWS\SYSTEM32\POWRPROF.dll
0x00007ff998da0000 - 0x00007ff998dab000 	C:\WINDOWS\SYSTEM32\VERSION.dll
0x00007ff991ff0000 - 0x00007ff992026000 	C:\WINDOWS\SYSTEM32\WINMM.dll
0x00007ff99eca0000 - 0x00007ff99ecb5000 	C:\WINDOWS\SYSTEM32\UMPDC.dll
0x00007ff99dbb0000 - 0x00007ff99dbcb000 	C:\WINDOWS\SYSTEM32\kernel.appcore.dll
0x00007ff972630000 - 0x00007ff97263a000 	c:\Users\tacfs\.vscode\extensions\redhat.java-1.55.0-win32-x64\jre\21.0.11-win32-x86_64\bin\jimage.dll
0x00007ff987720000 - 0x00007ff987962000 	C:\WINDOWS\SYSTEM32\DBGHELP.DLL
0x00007ff99fe60000 - 0x00007ff9a01e4000 	C:\WINDOWS\System32\combase.dll
0x00007ff9a08c0000 - 0x00007ff9a0999000 	C:\WINDOWS\System32\OLEAUT32.dll
0x00007ff982950000 - 0x00007ff98298b000 	C:\WINDOWS\SYSTEM32\dbgcore.DLL
0x00007ff99ef40000 - 0x00007ff99efec000 	C:\WINDOWS\System32\bcryptPrimitives.dll
0x00007ff96f440000 - 0x00007ff96f44f000 	c:\Users\tacfs\.vscode\extensions\redhat.java-1.55.0-win32-x64\jre\21.0.11-win32-x86_64\bin\instrument.dll
0x00007ff96ad50000 - 0x00007ff96ad70000 	c:\Users\tacfs\.vscode\extensions\redhat.java-1.55.0-win32-x64\jre\21.0.11-win32-x86_64\bin\java.dll
0x00007ff9a0e40000 - 0x00007ff9a15d8000 	C:\WINDOWS\System32\SHELL32.dll
0x00007ff99c950000 - 0x00007ff99d1fe000 	C:\WINDOWS\SYSTEM32\windows.storage.dll
0x00007ff9a02c0000 - 0x00007ff9a03bb000 	C:\WINDOWS\System32\SHCORE.dll
0x00007ff9a19c0000 - 0x00007ff9a1a26000 	C:\WINDOWS\System32\shlwapi.dll
0x00007ff99ee30000 - 0x00007ff99ee59000 	C:\WINDOWS\SYSTEM32\profapi.dll
0x00007ff966f70000 - 0x00007ff966f88000 	c:\Users\tacfs\.vscode\extensions\redhat.java-1.55.0-win32-x64\jre\21.0.11-win32-x86_64\bin\zip.dll
0x00007ff96f230000 - 0x00007ff96f240000 	C:\Users\tacfs\.vscode\extensions\redhat.java-1.55.0-win32-x64\jre\21.0.11-win32-x86_64\bin\net.dll
0x00007ff9981f0000 - 0x00007ff99831a000 	C:\WINDOWS\SYSTEM32\WINHTTP.dll
0x00007ff99e180000 - 0x00007ff99e1ec000 	C:\WINDOWS\system32\mswsock.dll
0x00007ff966dd0000 - 0x00007ff966de6000 	C:\Users\tacfs\.vscode\extensions\redhat.java-1.55.0-win32-x64\jre\21.0.11-win32-x86_64\bin\nio.dll
0x00007ff96e670000 - 0x00007ff96e680000 	c:\Users\tacfs\.vscode\extensions\redhat.java-1.55.0-win32-x64\jre\21.0.11-win32-x86_64\bin\verify.dll

JVMTI agents:
c:\Users\tacfs\.vscode\extensions\redhat.java-1.55.0-win32-x64\lombok\lombok-1.18.39-4050.jar path:c:\Users\tacfs\.vscode\extensions\redhat.java-1.55.0-win32-x64\jre\21.0.11-win32-x86_64\bin\instrument.dll, loaded, initialized, instrumentlib options:none

dbghelp: loaded successfully - version: 4.0.5 - missing functions: none
symbol engine: initialized successfully - sym options: 0x614 - pdb path: .;c:\Users\tacfs\.vscode\extensions\redhat.java-1.55.0-win32-x64\jre\21.0.11-win32-x86_64\bin;C:\WINDOWS\SYSTEM32;C:\WINDOWS\WinSxS\amd64_microsoft.windows.common-controls_6595b64144ccf1df_6.0.26100.9278_none_3e0d1ba8e3303201;c:\Users\tacfs\.vscode\extensions\redhat.java-1.55.0-win32-x64\jre\21.0.11-win32-x86_64\bin\server

VM Arguments:
jvm_args: --add-modules=ALL-SYSTEM --add-opens=java.base/java.util=ALL-UNNAMED --add-opens=java.base/java.lang=ALL-UNNAMED --add-opens=java.base/sun.nio.fs=ALL-UNNAMED -Declipse.application=org.eclipse.jdt.ls.core.id1 -Dosgi.bundles.defaultStartLevel=4 -Declipse.product=org.eclipse.jdt.ls.core.product -Djava.import.generatesMetadataFilesAtProjectRoot=false -DDetectVMInstallationsJob.disabled=true -Dfile.encoding=utf8 -XX:+UseParallelGC -XX:GCTimeRatio=4 -XX:AdaptiveSizePolicyWeight=90 -Dsun.zip.disableMemoryMapping=true -Xmx2G -Xms100m -Xlog:disable -javaagent:c:\Users\tacfs\.vscode\extensions\redhat.java-1.55.0-win32-x64\lombok\lombok-1.18.39-4050.jar -XX:+HeapDumpOnOutOfMemoryError -XX:HeapDumpPath=c:\Users\tacfs\AppData\Roaming\Code\User\workspaceStorage\33469da54a707f922110a5d1e41f9150\redhat.java -Daether.dependencyCollector.impl=bf 
java_command: c:\Users\tacfs\.vscode\extensions\redhat.java-1.55.0-win32-x64\server\plugins\org.eclipse.equinox.launcher_1.7.200.v20260619-2039.jar -configuration c:\Users\tacfs\AppData\Roaming\Code\User\globalStorage\redhat.java\1.55.0\config_win -data c:\Users\tacfs\AppData\Roaming\Code\User\workspaceStorage\33469da54a707f922110a5d1e41f9150\redhat.java\jdt_ws --pipe=\\.\pipe\lsp-e3d5719997c62336b62857a5922c61a6-sock
java_class_path (initial): c:\Users\tacfs\.vscode\extensions\redhat.java-1.55.0-win32-x64\server\plugins\org.eclipse.equinox.launcher_1.7.200.v20260619-2039.jar
Launcher Type: SUN_STANDARD

[Global flags]
    uintx AdaptiveSizePolicyWeight                 = 90                                        {product} {command line}
     intx CICompilerCount                          = 4                                         {product} {ergonomic}
    uintx GCTimeRatio                              = 4                                         {product} {command line}
     bool HeapDumpOnOutOfMemoryError               = true                                   {manageable} {command line}
    ccstr HeapDumpPath                             = c:\Users\tacfs\AppData\Roaming\Code\User\workspaceStorage\33469da54a707f922110a5d1e41f9150\redhat.java         {manageable} {command line}
   size_t InitialHeapSize                          = 104857600                                 {product} {command line}
   size_t MaxHeapSize                              = 2147483648                                {product} {command line}
   size_t MaxNewSize                               = 715653120                                 {product} {ergonomic}
   size_t MinHeapDeltaBytes                        = 524288                                    {product} {ergonomic}
   size_t MinHeapSize                              = 104857600                                 {product} {command line}
   size_t NewSize                                  = 34603008                                  {product} {ergonomic}
    uintx NonNMethodCodeHeapSize                   = 5839372                                {pd product} {ergonomic}
    uintx NonProfiledCodeHeapSize                  = 122909434                              {pd product} {ergonomic}
   size_t OldSize                                  = 70254592                                  {product} {ergonomic}
    uintx ProfiledCodeHeapSize                     = 122909434                              {pd product} {ergonomic}
    uintx ReservedCodeCacheSize                    = 251658240                              {pd product} {ergonomic}
     bool SegmentedCodeCache                       = true                                      {product} {ergonomic}
   size_t SoftMaxHeapSize                          = 2147483648                             {manageable} {ergonomic}
     bool UseCompressedOops                        = true                           {product lp64_product} {ergonomic}
     bool UseLargePagesIndividualAllocation        = false                                  {pd product} {ergonomic}
     bool UseParallelGC                            = true                                      {product} {command line}

Logging:
Log output configuration:
 #0: stdout all=off uptime,level,tags foldmultilines=false
 #1: stderr all=off uptime,level,tags foldmultilines=false

Release file:
JAVA_VERSION="21.0.11" 
MODULES="java.base java.compiler java.datatransfer java.xml java.prefs java.desktop java.instrument java.logging java.management java.security.sasl java.naming java.rmi java.management.rmi java.net.http java.scripting java.security.jgss java.transaction.xa java.sql java.sql.rowset java.xml.crypto java.se java.smartcardio jdk.accessibility jdk.internal.jvmstat jdk.attach jdk.charsets jdk.internal.opt jdk.zipfs jdk.compiler jdk.crypto.ec jdk.crypto.cryptoki jdk.crypto.mscapi jdk.dynalink jdk.internal.ed jdk.editpad jdk.hotspot.agent jdk.httpserver jdk.internal.le jdk.internal.vm.ci jdk.internal.vm.compiler jdk.internal.vm.compiler.management jdk.jartool jdk.javadoc jdk.jcmd jdk.management jdk.management.agent jdk.jconsole jdk.jdeps jdk.jdwp.agent jdk.jdi jdk.jfr jdk.jshell jdk.jsobject jdk.jstatd jdk.localedata jdk.management.jfr jdk.naming.dns jdk.naming.rmi jdk.net jdk.nio.mapmode jdk.random jdk.sctp jdk.security.auth jdk.security.jgss jdk.unsupported jdk.unsupported.desktop jdk.xml.dom" 

Environment Variables:
JAVA_HOME=C:\Program Files\Eclipse Adoptium\jre-17.0.12.7-hotspot\
PATH=C:\Program Files (x86)\Common Files\Oracle\Java\java8path;C:\Program Files (x86)\Common Files\Oracle\Java\javapath;C:\Python314\Scripts\;C:\Python314\;C:\Program Files (x86)\Razer Chroma SDK\bin;C:\Program Files\Razer Chroma SDK\bin;C:\Program Files\Eclipse Adoptium\jre-17.0.12.7-hotspot\bin;C:\WINDOWS\system32;C:\WINDOWS;C:\WINDOWS\System32\Wbem;C:\WINDOWS\System32\WindowsPowerShell\v1.0\;C:\WINDOWS\System32\OpenSSH\;C:\Program Files (x86)\NVIDIA Corporation\PhysX\Common;C:\Program Files\dotnet\;C:\Program Files\NVIDIA Corporation\NVIDIA App\NvDLISR;C:\WINDOWS\system32\config\systemprofile\AppData\Local\Microsoft\WindowsApps;C:\Program Files (x86)\Razer\ChromaBroadcast\bin;C:\Program Files\Razer\ChromaBroadcast\bin;C:\Users\tacfs\AppData\Local\Microsoft\WindowsApps;C:\Users\tacfs\AppData\Local\Programs\Microsoft VS Code\bin;C:\WINDOWS\system32;C:\WINDOWS;C:\WINDOWS\System32\Wbem;C:\WINDOWS\System32\WindowsPowerShell\v1.0\;C:\WINDOWS\System32\OpenSSH\;C:\Program Files\Cloudflare\Cloudflare WARP\;C:\Program Files\Git\cmd;C:\Program Files\nodejs\;C:\ProgramData\chocolatey\bin;C:\Program Files\Docker\Docker\resources\bin;C:\Program Files\Process Lasso\;C:\Users\tacfs\.cargo\bin;C:\Users\tacfs\scoop\shims;C:\Users\tacfs\AppData\Local\Microsoft\WindowsApps;C:\Users\tacfs\AppData\Local\Programs\Microsoft VS Code\bin;C:\Users\tacfs\AppData\Roaming\npm;C:\Users\tacfs\.deno\bin
USERNAME=tacfs
OS=Windows_NT
PROCESSOR_IDENTIFIER=Intel64 Family 6 Model 167 Stepping 1, GenuineIntel
TMP=C:\Users\tacfs\AppData\Local\Temp
TEMP=C:\Users\tacfs\AppData\Local\Temp




Periodic native trim disabled

---------------  S Y S T E M  ---------------

OS:
 Windows 11 , 64 bit Build 26100 (10.0.26100.9278)
OS uptime: 4 days 9:52 hours
Hyper-V role detected

CPU: total 12 (initial active 12) (6 cores per cpu, 2 threads per core) family 6 model 167 stepping 1 microcode 0x58, cx8, cmov, fxsr, ht, mmx, 3dnowpref, sse, sse2, sse3, ssse3, sse4.1, sse4.2, popcnt, lzcnt, tsc, tscinvbit, avx, avx2, aes, erms, clmul, bmi1, bmi2, adx, avx512f, avx512dq, avx512cd, avx512bw, avx512vl, sha, fma, vzeroupper, avx512_vpopcntdq, avx512_vpclmulqdq, avx512_vaes, avx512_vnni, clflush, clflushopt, avx512_vbmi2, avx512_vbmi, hv, rdtscp, rdpid, fsrm, gfni, avx512_bitalg, f16c, avx512_ifma
Processor Information for the first 12 processors :
  Max Mhz: 2592, Current Mhz: 2592, Mhz Limit: 2592

Memory: 4k page, system-wide physical 8075M (337M free)
TotalPageFile size 32651M (AvailPageFile size 0M)
current process WorkingSet (physical memory assigned to process): 90M, peak: 90M
current process commit charge ("private bytes"): 246M, peak: 247M

vm_info: OpenJDK 64-Bit Server VM (21.0.11+10-LTS) for windows-amd64 JRE (21.0.11+10-LTS), built on 2026-04-21T00:00:00Z by "admin" with MS VC++ 17.12 (VS2022)

END.
