#
# There is insufficient memory for the Java Runtime Environment to continue.
# Native memory allocation (malloc) failed to allocate 1830064 bytes. Error detail: Chunk::new
# Possible reasons:
#   The system is out of physical RAM or swap space
#   This process is running with CompressedOops enabled, and the Java Heap may be blocking the growth of the native heap
# Possible solutions:
#   Reduce memory load on the system
#   Increase physical memory or swap space
#   Check if swap backing store is full
#   Decrease Java heap size (-Xmx/-Xms)
#   Decrease number of Java threads
#   Decrease Java thread stack sizes (-Xss)
#   Set larger code cache with -XX:ReservedCodeCacheSize=
#   JVM is running with Unscaled Compressed Oops mode in which the Java heap is
#     placed in the first 4GB address space. The Java Heap base address is the
#     maximum limit for the native heap growth. Please use -XX:HeapBaseMinAddress
#     to set the Java Heap base and to place the Java Heap above 4GB virtual address.
# This output file may be truncated or incomplete.
#
#  Out of Memory Error (arena.cpp:168), pid=23512, tid=7928
#
# JRE version: OpenJDK Runtime Environment Temurin-21.0.11+10 (21.0.11+10) (build 21.0.11+10-LTS)
# Java VM: OpenJDK 64-Bit Server VM Temurin-21.0.11+10 (21.0.11+10-LTS, mixed mode, sharing, tiered, compressed oops, compressed class ptrs, parallel gc, windows-amd64)
# No core dump will be written. Minidumps are not enabled by default on client versions of Windows
#

---------------  S U M M A R Y ------------

Command Line: --add-modules=ALL-SYSTEM --add-opens=java.base/java.util=ALL-UNNAMED --add-opens=java.base/java.lang=ALL-UNNAMED --add-opens=java.base/sun.nio.fs=ALL-UNNAMED -Declipse.application=org.eclipse.jdt.ls.core.id1 -Dosgi.bundles.defaultStartLevel=4 -Declipse.product=org.eclipse.jdt.ls.core.product -Djava.import.generatesMetadataFilesAtProjectRoot=false -DDetectVMInstallationsJob.disabled=true -Dfile.encoding=utf8 -XX:+UseParallelGC -XX:GCTimeRatio=4 -XX:AdaptiveSizePolicyWeight=90 -Dsun.zip.disableMemoryMapping=true -Xmx2G -Xms100m -Xlog:disable -javaagent:c:\Users\tacfs\.vscode\extensions\redhat.java-1.55.0-win32-x64\lombok\lombok-1.18.39-4050.jar -XX:+HeapDumpOnOutOfMemoryError -XX:HeapDumpPath=c:\Users\tacfs\AppData\Roaming\Code\User\workspaceStorage\33469da54a707f922110a5d1e41f9150\redhat.java -Daether.dependencyCollector.impl=bf c:\Users\tacfs\.vscode\extensions\redhat.java-1.55.0-win32-x64\server\plugins\org.eclipse.equinox.launcher_1.7.200.v20260619-2039.jar -configuration c:\Users\tacfs\AppData\Roaming\Code\User\globalStorage\redhat.java\1.55.0\config_win -data c:\Users\tacfs\AppData\Roaming\Code\User\workspaceStorage\33469da54a707f922110a5d1e41f9150\redhat.java\jdt_ws --pipe=\\.\pipe\lsp-e88b062f36229bb4c3f3f9faee57f59d-sock

Host: 11th Gen Intel(R) Core(TM) i5-11400F @ 2.60GHz, 12 cores, 7G,  Windows 11 , 64 bit Build 26100 (10.0.26100.9278)
Time: Tue Sep  1 17:41:43 2026 Hora oficial do Brasil elapsed time: 17.842745 seconds (0d 0h 0m 17s)

---------------  T H R E A D  ---------------

Current thread (0x000002acef463ad0):  JavaThread "C2 CompilerThread0" daemon [_thread_in_native, id=7928, stack(0x000000d2c6f00000,0x000000d2c7000000) (1024K)]


Current CompileTask:
C2:17842 10095   !   4       org.eclipse.jdt.internal.core.search.indexing.BinaryIndexer::indexDocument (1172 bytes)

Stack: [0x000000d2c6f00000,0x000000d2c7000000]
Native frames: (J=compiled Java code, j=interpreted, Vv=VM code, C=native code)
V  [jvm.dll+0x6d7e19]
V  [jvm.dll+0x8b5096]
V  [jvm.dll+0x8b764e]
V  [jvm.dll+0x8b7d33]
V  [jvm.dll+0x284596]
V  [jvm.dll+0xc685d]
V  [jvm.dll+0xc6da1]
V  [jvm.dll+0x3bed6b]
V  [jvm.dll+0x1e4149]
V  [jvm.dll+0x24c853]
V  [jvm.dll+0x24bce0]
V  [jvm.dll+0x1cb4ae]
V  [jvm.dll+0x25baad]
V  [jvm.dll+0x25a03a]
V  [jvm.dll+0x3f868e]
V  [jvm.dll+0x85fb0d]
V  [jvm.dll+0x6d664d]
C  [ucrtbase.dll+0x2cd30]
C  [KERNEL32.DLL+0x2ccb7]
C  [ntdll.dll+0xacaec]


---------------  P R O C E S S  ---------------

Threads class SMR info:
_java_thread_list=0x000002acf7becb30, length=71, elements={
0x000002ac9669d240, 0x000002ac9664e630, 0x000002ac96741f00, 0x000002ac96747cc0,
0x000002ac96748920, 0x000002ac96750c30, 0x000002ac96757340, 0x000002acef463ad0,
0x000002acef466580, 0x000002acef6b11c0, 0x000002acef6b1850, 0x000002acef6b2570,
0x000002acf0a31610, 0x000002acf0a30f80, 0x000002acf0a2eeb0, 0x000002acf0a308f0,
0x000002acf0a32330, 0x000002acf0a329c0, 0x000002acf0a336e0, 0x000002acf0a30260,
0x000002acf0a33d70, 0x000002acf0a34400, 0x000002acf0a35120, 0x000002acf0a34a90,
0x000002acf0a357b0, 0x000002acf697d820, 0x000002acf697d190, 0x000002acf697ebd0,
0x000002acf697ff80, 0x000002acf697cb00, 0x000002acf697f260, 0x000002acf697f8f0,
0x000002acf697deb0, 0x000002acf697e540, 0x000002acf6d8ac40, 0x000002acf6d8c680,
0x000002acf6d8e0c0, 0x000002acf6d8cd10, 0x000002acf6d8e750, 0x000002acf6d8bff0,
0x000002acf6d8b2d0, 0x000002acf6d8b960, 0x000002acf6d8ede0, 0x000002acf6d8fb00,
0x000002acf6d90820, 0x000002acf6d8da30, 0x000002acf6d8d3a0, 0x000002acf6d91540,
0x000002acf6d92260, 0x000002acf6d91bd0, 0x000002acf6d90eb0, 0x000002acef6afe10,
0x000002acef6b1ee0, 0x000002acef6b3290, 0x000002acef6b0b30, 0x000002acf0a33050,
0x000002acf0a2fbd0, 0x000002acef6b04a0, 0x000002acf8e17460, 0x000002acf8e16dd0,
0x000002acf8e15390, 0x000002acf8e17af0, 0x000002acf8e15a20, 0x000002acf8e16740,
0x000002acf8e160b0, 0x000002acf8e14d00, 0x000002acef7005c0, 0x000002acef6fe4f0,
0x000002acef6feb80, 0x000002acef700c50, 0x000002acef6ff8a0
}

Java Threads: ( => current thread )
  0x000002ac9669d240 JavaThread "main"                              [_thread_blocked, id=25544, stack(0x000000d2c6500000,0x000000d2c6600000) (1024K)]
  0x000002ac9664e630 JavaThread "Reference Handler"          daemon [_thread_blocked, id=13048, stack(0x000000d2c6900000,0x000000d2c6a00000) (1024K)]
  0x000002ac96741f00 JavaThread "Finalizer"                  daemon [_thread_blocked, id=24816, stack(0x000000d2c6a00000,0x000000d2c6b00000) (1024K)]
  0x000002ac96747cc0 JavaThread "Signal Dispatcher"          daemon [_thread_blocked, id=22624, stack(0x000000d2c6b00000,0x000000d2c6c00000) (1024K)]
  0x000002ac96748920 JavaThread "Attach Listener"            daemon [_thread_blocked, id=24956, stack(0x000000d2c6c00000,0x000000d2c6d00000) (1024K)]
  0x000002ac96750c30 JavaThread "Service Thread"             daemon [_thread_blocked, id=13256, stack(0x000000d2c6d00000,0x000000d2c6e00000) (1024K)]
  0x000002ac96757340 JavaThread "Monitor Deflation Thread"   daemon [_thread_blocked, id=21788, stack(0x000000d2c6e00000,0x000000d2c6f00000) (1024K)]
=>0x000002acef463ad0 JavaThread "C2 CompilerThread0"         daemon [_thread_in_native, id=7928, stack(0x000000d2c6f00000,0x000000d2c7000000) (1024K)]
  0x000002acef466580 JavaThread "C1 CompilerThread0"         daemon [_thread_blocked, id=23020, stack(0x000000d2c7000000,0x000000d2c7100000) (1024K)]
  0x000002acef6b11c0 JavaThread "Common-Cleaner"             daemon [_thread_blocked, id=8052, stack(0x000000d2c7200000,0x000000d2c7300000) (1024K)]
  0x000002acef6b1850 JavaThread "Notification Thread"        daemon [_thread_blocked, id=21700, stack(0x000000d2c7300000,0x000000d2c7400000) (1024K)]
  0x000002acef6b2570 JavaThread "Active Thread: Equinox Container: 54a6dabf-3252-4b41-a127-3508341bfbcc"        [_thread_blocked, id=21712, stack(0x000000d2c8000000,0x000000d2c8100000) (1024K)]
  0x000002acf0a31610 JavaThread "Framework Event Dispatcher: Equinox Container: 54a6dabf-3252-4b41-a127-3508341bfbcc" daemon [_thread_blocked, id=12528, stack(0x000000d2c8100000,0x000000d2c8200000) (1024K)]
  0x000002acf0a30f80 JavaThread "Start Level: Equinox Container: 54a6dabf-3252-4b41-a127-3508341bfbcc" daemon [_thread_blocked, id=17624, stack(0x000000d2c8300000,0x000000d2c8400000) (1024K)]
  0x000002acf0a2eeb0 JavaThread "Bundle File Closer"         daemon [_thread_blocked, id=15860, stack(0x000000d2c8400000,0x000000d2c8500000) (1024K)]
  0x000002acf0a308f0 JavaThread "Refresh Thread: Equinox Container: 54a6dabf-3252-4b41-a127-3508341bfbcc" daemon [_thread_blocked, id=15224, stack(0x000000d2c8500000,0x000000d2c8600000) (1024K)]
  0x000002acf0a32330 JavaThread "SCR Component Actor"        daemon [_thread_blocked, id=3240, stack(0x000000d2c7100000,0x000000d2c7200000) (1024K)]
  0x000002acf0a329c0 JavaThread "Worker-JM"                         [_thread_blocked, id=23180, stack(0x000000d2c8e00000,0x000000d2c8f00000) (1024K)]
  0x000002acf0a336e0 JavaThread "Worker-0"                          [_thread_blocked, id=22876, stack(0x000000d2c8f00000,0x000000d2c9000000) (1024K)]
  0x000002acf0a30260 JavaThread "Worker-1"                          [_thread_blocked, id=24216, stack(0x000000d2c9000000,0x000000d2c9100000) (1024K)]
  0x000002acf0a33d70 JavaThread "Java indexing"              daemon [_thread_blocked, id=3364, stack(0x000000d2c9100000,0x000000d2c9200000) (1024K)]
  0x000002acf0a34400 JavaThread "JNA Cleaner"                daemon [_thread_blocked, id=21040, stack(0x000000d2c9200000,0x000000d2c9300000) (1024K)]
  0x000002acf0a35120 JavaThread "Worker-2: Java indexing... "        [_thread_blocked, id=14792, stack(0x000000d2c9500000,0x000000d2c9600000) (1024K)]
  0x000002acf0a34a90 JavaThread "Worker-3"                          [_thread_blocked, id=20120, stack(0x000000d2c9600000,0x000000d2c9700000) (1024K)]
  0x000002acf0a357b0 JavaThread "Thread-1"                   daemon [_thread_in_native, id=20148, stack(0x000000d2c9700000,0x000000d2c9800000) (1024K)]
  0x000002acf697d820 JavaThread "Thread-2"                   daemon [_thread_in_native, id=20784, stack(0x000000d2c9800000,0x000000d2c9900000) (1024K)]
  0x000002acf697d190 JavaThread "Thread-3"                   daemon [_thread_in_native, id=25092, stack(0x000000d2c9900000,0x000000d2c9a00000) (1024K)]
  0x000002acf697ebd0 JavaThread "Thread-4"                   daemon [_thread_in_native, id=12992, stack(0x000000d2c9a00000,0x000000d2c9b00000) (1024K)]
  0x000002acf697ff80 JavaThread "Thread-5"                   daemon [_thread_in_native, id=9980, stack(0x000000d2c9b00000,0x000000d2c9c00000) (1024K)]
  0x000002acf697cb00 JavaThread "Thread-6"                   daemon [_thread_in_native, id=14276, stack(0x000000d2c9c00000,0x000000d2c9d00000) (1024K)]
  0x000002acf697f260 JavaThread "Thread-7"                   daemon [_thread_in_native, id=22968, stack(0x000000d2c9d00000,0x000000d2c9e00000) (1024K)]
  0x000002acf697f8f0 JavaThread "Thread-8"                   daemon [_thread_in_native, id=14352, stack(0x000000d2c9e00000,0x000000d2c9f00000) (1024K)]
  0x000002acf697deb0 JavaThread "Thread-9"                   daemon [_thread_in_native, id=23532, stack(0x000000d2c9f00000,0x000000d2ca000000) (1024K)]
  0x000002acf697e540 JavaThread "Thread-10"                  daemon [_thread_in_native, id=23724, stack(0x000000d2ca000000,0x000000d2ca100000) (1024K)]
  0x000002acf6d8ac40 JavaThread "Thread-11"                  daemon [_thread_in_native, id=11476, stack(0x000000d2ca100000,0x000000d2ca200000) (1024K)]
  0x000002acf6d8c680 JavaThread "Thread-12"                  daemon [_thread_in_native, id=20124, stack(0x000000d2ca200000,0x000000d2ca300000) (1024K)]
  0x000002acf6d8e0c0 JavaThread "Thread-13"                  daemon [_thread_in_native, id=20736, stack(0x000000d2ca300000,0x000000d2ca400000) (1024K)]
  0x000002acf6d8cd10 JavaThread "pool-2-thread-1"                   [_thread_blocked, id=16896, stack(0x000000d2ca400000,0x000000d2ca500000) (1024K)]
  0x000002acf6d8e750 JavaThread "Worker-4: Initialize workspace"        [_thread_blocked, id=24648, stack(0x000000d2ca500000,0x000000d2ca600000) (1024K)]
  0x000002acf6d8bff0 JavaThread "Worker-5"                          [_thread_blocked, id=10468, stack(0x000000d2ca600000,0x000000d2ca700000) (1024K)]
  0x000002acf6d8b2d0 JavaThread "WorkspaceEventsHandler"            [_thread_blocked, id=13752, stack(0x000000d2ca700000,0x000000d2ca800000) (1024K)]
  0x000002acf6d8b960 JavaThread "pool-1-thread-1"                   [_thread_blocked, id=24656, stack(0x000000d2ca800000,0x000000d2ca900000) (1024K)]
  0x000002acf6d8ede0 JavaThread "Keep-Alive-Timer"           daemon [_thread_blocked, id=15704, stack(0x000000d2caa00000,0x000000d2cab00000) (1024K)]
  0x000002acf6d8fb00 JavaThread "Equinox resolver thread - Equinox Container: 54a6dabf-3252-4b41-a127-3508341bfbcc" daemon [_thread_blocked, id=21352, stack(0x000000d2c7a00000,0x000000d2c7b00000) (1024K)]
  0x000002acf6d90820 JavaThread "Equinox resolver thread - Equinox Container: 54a6dabf-3252-4b41-a127-3508341bfbcc" daemon [_thread_blocked, id=25076, stack(0x000000d2c7b00000,0x000000d2c7c00000) (1024K)]
  0x000002acf6d8da30 JavaThread "Equinox resolver thread - Equinox Container: 54a6dabf-3252-4b41-a127-3508341bfbcc" daemon [_thread_blocked, id=12296, stack(0x000000d2c7c00000,0x000000d2c7d00000) (1024K)]
  0x000002acf6d8d3a0 JavaThread "Equinox resolver thread - Equinox Container: 54a6dabf-3252-4b41-a127-3508341bfbcc" daemon [_thread_blocked, id=18128, stack(0x000000d2c7d00000,0x000000d2c7e00000) (1024K)]
  0x000002acf6d91540 JavaThread "Equinox resolver thread - Equinox Container: 54a6dabf-3252-4b41-a127-3508341bfbcc" daemon [_thread_blocked, id=6840, stack(0x000000d2c7e00000,0x000000d2c7f00000) (1024K)]
  0x000002acf6d92260 JavaThread "Equinox resolver thread - Equinox Container: 54a6dabf-3252-4b41-a127-3508341bfbcc" daemon [_thread_blocked, id=14372, stack(0x000000d2c7f00000,0x000000d2c8000000) (1024K)]
  0x000002acf6d91bd0 JavaThread "Equinox resolver thread - Equinox Container: 54a6dabf-3252-4b41-a127-3508341bfbcc" daemon [_thread_blocked, id=24868, stack(0x000000d2c8600000,0x000000d2c8700000) (1024K)]
  0x000002acf6d90eb0 JavaThread "Equinox resolver thread - Equinox Container: 54a6dabf-3252-4b41-a127-3508341bfbcc" daemon [_thread_blocked, id=24884, stack(0x000000d2c8700000,0x000000d2c8800000) (1024K)]
  0x000002acef6afe10 JavaThread "Equinox resolver thread - Equinox Container: 54a6dabf-3252-4b41-a127-3508341bfbcc" daemon [_thread_blocked, id=18496, stack(0x000000d2c8800000,0x000000d2c8900000) (1024K)]
  0x000002acef6b1ee0 JavaThread "Equinox resolver thread - Equinox Container: 54a6dabf-3252-4b41-a127-3508341bfbcc" daemon [_thread_blocked, id=8640, stack(0x000000d2c8900000,0x000000d2c8a00000) (1024K)]
  0x000002acef6b3290 JavaThread "Equinox resolver thread - Equinox Container: 54a6dabf-3252-4b41-a127-3508341bfbcc" daemon [_thread_blocked, id=14772, stack(0x000000d2c8a00000,0x000000d2c8b00000) (1024K)]
  0x000002acef6b0b30 JavaThread "Equinox resolver thread - Equinox Container: 54a6dabf-3252-4b41-a127-3508341bfbcc" daemon [_thread_blocked, id=23028, stack(0x000000d2c8b00000,0x000000d2c8c00000) (1024K)]
  0x000002acf0a33050 
[error occurred during error reporting (printing all threads), id 0xc0000005, EXCEPTION_ACCESS_VIOLATION (0xc0000005) at pc=0x00007ff901066500]
VM state: at safepoint (normal execution)

VM Mutex/Monitor currently owned by a thread:  ([mutex/lock_event])
[0x00007ff901bdf570] Threads_lock - owner thread: 0x000002acef460d70
[0x00007ff901bdf670] Heap_lock - owner thread: 0x000002acf0a33d70

Heap address: 0x0000000080000000, size: 2048 MB, Compressed Oops mode: 32-bit

CDS archive(s) mapped at: [0x000002acad000000-0x000002acadba0000-0x000002acadba0000), size 12189696, SharedBaseAddress: 0x000002acad000000, ArchiveRelocationMode: 1.
Compressed class space mapped at: 0x000002acae000000-0x000002acee000000, reserved size: 1073741824
Narrow klass base: 0x000002acad000000, Narrow klass shift: 0, Narrow klass range: 0x100000000

GC Precious Log:
 CardTable entry size: 512
 CPUs: 12 total, 12 available
 Memory: 8075M
 Large Page Support: Disabled
 NUMA Support: Disabled
 Compressed Oops: Enabled (32-bit)
 Alignments: Space 512K, Generation 512K, Heap 2M
 Heap Min Capacity: 100M
 Heap Initial Capacity: 100M
 Heap Max Capacity: 2G
 Pre-touch: Disabled
 Parallel Workers: 10

Heap:
 PSYoungGen      total 4096K, used 4067K [0x00000000d5580000, 0x00000000d5a80000, 0x0000000100000000)
  eden space 3072K, 100% used [0x00000000d5580000,0x00000000d5880000,0x00000000d5880000)
  from space 1024K, 97% used [0x00000000d5980000,0x00000000d5a78c90,0x00000000d5a80000)
  to   space 1024K, 98% used [0x00000000d5880000,0x00000000d597b980,0x00000000d5980000)
 ParOldGen       total 206336K, used 205895K [0x0000000080000000, 0x000000008c980000, 0x00000000d5580000)
  object space 206336K, 99% used [0x0000000080000000,0x000000008c911f78,0x000000008c980000)
 Metaspace       used 64195K, committed 65472K, reserved 1114112K
  class space    used 6919K, committed 7488K, reserved 1048576K

Card table byte_map: [0x000002ac96040000,0x000002ac96450000] _byte_map_base: 0x000002ac95c40000

Marking Bits: (ParMarkBitMap*) 0x00007ff901be4460
 Begin Bits: [0x000002aca8b50000, 0x000002acaab50000)
 End Bits:   [0x000002acaab50000, 0x000002acacb50000)

Polling page: 0x000002ac94500000

Metaspace:

Usage:
  Non-class:     55.93 MB used.
      Class:      6.76 MB used.
       Both:     62.69 MB used.

Virtual space:
  Non-class space:       64.00 MB reserved,      56.62 MB ( 88%) committed,  1 nodes.
      Class space:        1.00 GB reserved,       7.31 MB ( <1%) committed,  1 nodes.
             Both:        1.06 GB reserved,      63.94 MB (  6%) committed. 

Chunk freelists:
   Non-Class:  7.25 MB
       Class:  8.60 MB
        Both:  15.85 MB

MaxMetaspaceSize: unlimited
CompressedClassSpaceSize: 1.00 GB
Initial GC threshold: 21.00 MB
Current GC threshold: 97.31 MB
CDS: on
 - commit_granule_bytes: 65536.
 - commit_granule_words: 8192.
 - virtual_space_node_default_size: 8388608.
 - enlarge_chunks_in_place: 1.
 - use_allocation_guard: 0.


Internal statistics:

num_allocs_failed_limit: 9.
num_arena_births: 996.
num_arena_deaths: 14.
num_vsnodes_births: 2.
num_vsnodes_deaths: 0.
num_space_committed: 1023.
num_space_uncommitted: 0.
num_chunks_returned_to_freelist: 23.
num_chunks_taken_from_freelist: 3631.
num_chunk_merges: 10.
num_chunk_splits: 2299.
num_chunks_enlarged: 1413.
num_inconsistent_stats: 0.

CodeHeap 'non-profiled nmethods': size=120000Kb used=3578Kb max_used=3992Kb free=116421Kb
 bounds [0x000002aca1370000, 0x000002aca1760000, 0x000002aca88a0000]
CodeHeap 'profiled nmethods': size=120000Kb used=17089Kb max_used=19337Kb free=102910Kb
 bounds [0x000002ac998a0000, 0x000002ac9ab90000, 0x000002aca0dd0000]
CodeHeap 'non-nmethods': size=5760Kb used=1471Kb max_used=1529Kb free=4288Kb
 bounds [0x000002aca0dd0000, 0x000002aca1040000, 0x000002aca1370000]
CodeCache: size=245760Kb, used=22138Kb, max_used=24858Kb, free=223619Kb
 total_blobs=9114, nmethods=8336, adapters=684, full_count=0
Compilation: enabled, stopped_count=0, restarted_count=0

Compilation events (20 events):
Event: 17.519 Thread 0x000002acef463ad0 nmethod 9280 0x000002aca1755d90 code [0x000002aca1755f40, 0x000002aca17561a0]
Event: 17.519 Thread 0x000002acef463ad0 10095   !   4       org.eclipse.jdt.internal.core.search.indexing.BinaryIndexer::indexDocument (1172 bytes)
Event: 17.534 Thread 0x000002acef466580 10098       3       java.nio.file.FileTreeWalker$Event::<init> (9 bytes)
Event: 17.534 Thread 0x000002acef466580 nmethod 10098 0x000002ac9ab73510 code [0x000002ac9ab736c0, 0x000002ac9ab738d8]
Event: 17.540 Thread 0x000002acef466580 10099       2       org.eclipse.jdt.internal.core.search.indexing.AbstractIndexer::addModuleReference (12 bytes)
Event: 17.540 Thread 0x000002acef466580 nmethod 10099 0x000002ac9ab73a10 code [0x000002ac9ab73bc0, 0x000002ac9ab73db8]
Event: 17.541 Thread 0x000002acef466580 10100       3       org.eclipse.jdt.core.compiler.CharOperation::fragmentEquals (89 bytes)
Event: 17.541 Thread 0x000002acef466580 nmethod 10100 0x000002ac9ab73f90 code [0x000002ac9ab741a0, 0x000002ac9ab74688]
Event: 17.548 Thread 0x000002acef466580 10101       3       org.eclipse.jdt.internal.core.search.indexing.BinaryIndexer::removeFirstSyntheticParameter (73 bytes)
Event: 17.548 Thread 0x000002acef466580 nmethod 10101 0x000002ac9ab74890 code [0x000002ac9ab74a80, 0x000002ac9ab74f30]
Event: 17.566 Thread 0x000002acef466580 10104       2       org.eclipse.jdt.internal.compiler.classfmt.ClassFileReader::decodeAnnotations (252 bytes)
Event: 17.566 Thread 0x000002acef466580 nmethod 10104 0x000002ac9ab75110 code [0x000002ac9ab75340, 0x000002ac9ab75ee0]
Event: 17.695 Thread 0x000002acef466580 10107       3       org.eclipse.jdt.internal.compiler.classfmt.MethodInfo::createMethod (710 bytes)
Event: 17.696 Thread 0x000002acef466580 nmethod 10107 0x000002ac9ab76310 code [0x000002ac9ab767e0, 0x000002ac9ab793f0]
Event: 17.703 Thread 0x000002acef466580 10109       3       org.eclipse.jdt.internal.core.search.indexing.BinaryIndexer::addPairValue (141 bytes)
Event: 17.707 Thread 0x000002acef466580 nmethod 10109 0x000002ac9ab7a490 code [0x000002ac9ab7a780, 0x000002ac9ab7b9f8]
Event: 17.730 Thread 0x000002acef466580 10111       3       org.eclipse.jdt.internal.compiler.classfmt.AnnotationInfo::decodeDefaultValue (871 bytes)
Event: 17.732 Thread 0x000002acef466580 nmethod 10111 0x000002ac9ab7be90 code [0x000002ac9ab7c440, 0x000002ac9ab801c0]
Event: 17.770 Thread 0x000002acef466580 10113       3       org.eclipse.jdt.internal.compiler.classfmt.AnnotationInfo::scanElementValue (256 bytes)
Event: 17.771 Thread 0x000002acef466580 nmethod 10113 0x000002ac9ab81610 code [0x000002ac9ab81840, 0x000002ac9ab82288]

GC Heap History (20 events):
Event: 17.738 GC heap after
{Heap after GC invocations=169 (full 3):
 PSYoungGen      total 4096K, used 800K [0x00000000d5580000, 0x00000000d5a80000, 0x0000000100000000)
  eden space 3072K, 0% used [0x00000000d5580000,0x00000000d5580000,0x00000000d5880000)
  from space 1024K, 78% used [0x00000000d5980000,0x00000000d5a48000,0x00000000d5a80000)
  to   space 1024K, 0% used [0x00000000d5880000,0x00000000d5880000,0x00000000d5980000)
 ParOldGen       total 199680K, used 199207K [0x0000000080000000, 0x000000008c300000, 0x00000000d5580000)
  object space 199680K, 99% used [0x0000000080000000,0x000000008c289ea0,0x000000008c300000)
 Metaspace       used 64195K, committed 65472K, reserved 1114112K
  class space    used 6919K, committed 7488K, reserved 1048576K
}
Event: 17.745 GC heap before
{Heap before GC invocations=170 (full 3):
 PSYoungGen      total 4096K, used 3872K [0x00000000d5580000, 0x00000000d5a80000, 0x0000000100000000)
  eden space 3072K, 100% used [0x00000000d5580000,0x00000000d5880000,0x00000000d5880000)
  from space 1024K, 78% used [0x00000000d5980000,0x00000000d5a48000,0x00000000d5a80000)
  to   space 1024K, 0% used [0x00000000d5880000,0x00000000d5880000,0x00000000d5980000)
 ParOldGen       total 199680K, used 199207K [0x0000000080000000, 0x000000008c300000, 0x00000000d5580000)
  object space 199680K, 99% used [0x0000000080000000,0x000000008c289ea0,0x000000008c300000)
 Metaspace       used 64195K, committed 65472K, reserved 1114112K
  class space    used 6919K, committed 7488K, reserved 1048576K
}
Event: 17.746 GC heap after
{Heap after GC invocations=170 (full 3):
 PSYoungGen      total 4096K, used 893K [0x00000000d5580000, 0x00000000d5a80000, 0x0000000100000000)
  eden space 3072K, 0% used [0x00000000d5580000,0x00000000d5580000,0x00000000d5880000)
  from space 1024K, 87% used [0x00000000d5880000,0x00000000d595f520,0x00000000d5980000)
  to   space 1024K, 0% used [0x00000000d5980000,0x00000000d5980000,0x00000000d5a80000)
 ParOldGen       total 200192K, used 199863K [0x0000000080000000, 0x000000008c380000, 0x00000000d5580000)
  object space 200192K, 99% used [0x0000000080000000,0x000000008c32dec8,0x000000008c380000)
 Metaspace       used 64195K, committed 65472K, reserved 1114112K
  class space    used 6919K, committed 7488K, reserved 1048576K
}
Event: 17.753 GC heap before
{Heap before GC invocations=171 (full 3):
 PSYoungGen      total 4096K, used 3965K [0x00000000d5580000, 0x00000000d5a80000, 0x0000000100000000)
  eden space 3072K, 100% used [0x00000000d5580000,0x00000000d5880000,0x00000000d5880000)
  from space 1024K, 87% used [0x00000000d5880000,0x00000000d595f520,0x00000000d5980000)
  to   space 1024K, 0% used [0x00000000d5980000,0x00000000d5980000,0x00000000d5a80000)
 ParOldGen       total 200192K, used 199863K [0x0000000080000000, 0x000000008c380000, 0x00000000d5580000)
  object space 200192K, 99% used [0x0000000080000000,0x000000008c32dec8,0x000000008c380000)
 Metaspace       used 64195K, committed 65472K, reserved 1114112K
  class space    used 6919K, committed 7488K, reserved 1048576K
}
Event: 17.755 GC heap after
{Heap after GC invocations=171 (full 3):
 PSYoungGen      total 4096K, used 848K [0x00000000d5580000, 0x00000000d5a80000, 0x0000000100000000)
  eden space 3072K, 0% used [0x00000000d5580000,0x00000000d5580000,0x00000000d5880000)
  from space 1024K, 82% used [0x00000000d5980000,0x00000000d5a54378,0x00000000d5a80000)
  to   space 1024K, 0% used [0x00000000d5880000,0x00000000d5880000,0x00000000d5980000)
 ParOldGen       total 200704K, used 200565K [0x0000000080000000, 0x000000008c400000, 0x00000000d5580000)
  object space 200704K, 99% used [0x0000000080000000,0x000000008c3dd720,0x000000008c400000)
 Metaspace       used 64195K, committed 65472K, reserved 1114112K
  class space    used 6919K, committed 7488K, reserved 1048576K
}
Event: 17.762 GC heap before
{Heap before GC invocations=172 (full 3):
 PSYoungGen      total 4096K, used 3920K [0x00000000d5580000, 0x00000000d5a80000, 0x0000000100000000)
  eden space 3072K, 100% used [0x00000000d5580000,0x00000000d5880000,0x00000000d5880000)
  from space 1024K, 82% used [0x00000000d5980000,0x00000000d5a54378,0x00000000d5a80000)
  to   space 1024K, 0% used [0x00000000d5880000,0x00000000d5880000,0x00000000d5980000)
 ParOldGen       total 200704K, used 200565K [0x0000000080000000, 0x000000008c400000, 0x00000000d5580000)
  object space 200704K, 99% used [0x0000000080000000,0x000000008c3dd720,0x000000008c400000)
 Metaspace       used 64195K, committed 65472K, reserved 1114112K
  class space    used 6919K, committed 7488K, reserved 1048576K
}
Event: 17.763 GC heap after
{Heap after GC invocations=172 (full 3):
 PSYoungGen      total 4096K, used 832K [0x00000000d5580000, 0x00000000d5a80000, 0x0000000100000000)
  eden space 3072K, 0% used [0x00000000d5580000,0x00000000d5580000,0x00000000d5880000)
  from space 1024K, 81% used [0x00000000d5880000,0x00000000d5950000,0x00000000d5980000)
  to   space 1024K, 0% used [0x00000000d5980000,0x00000000d5980000,0x00000000d5a80000)
 ParOldGen       total 201728K, used 201256K [0x0000000080000000, 0x000000008c500000, 0x00000000d5580000)
  object space 201728K, 99% used [0x0000000080000000,0x000000008c48a040,0x000000008c500000)
 Metaspace       used 64195K, committed 65472K, reserved 1114112K
  class space    used 6919K, committed 7488K, reserved 1048576K
}
Event: 17.774 GC heap before
{Heap before GC invocations=173 (full 3):
 PSYoungGen      total 4096K, used 3904K [0x00000000d5580000, 0x00000000d5a80000, 0x0000000100000000)
  eden space 3072K, 100% used [0x00000000d5580000,0x00000000d5880000,0x00000000d5880000)
  from space 1024K, 81% used [0x00000000d5880000,0x00000000d5950000,0x00000000d5980000)
  to   space 1024K, 0% used [0x00000000d5980000,0x00000000d5980000,0x00000000d5a80000)
 ParOldGen       total 201728K, used 201256K [0x0000000080000000, 0x000000008c500000, 0x00000000d5580000)
  object space 201728K, 99% used [0x0000000080000000,0x000000008c48a040,0x000000008c500000)
 Metaspace       used 64195K, committed 65472K, reserved 1114112K
  class space    used 6919K, committed 7488K, reserved 1048576K
}
Event: 17.775 GC heap after
{Heap after GC invocations=173 (full 3):
 PSYoungGen      total 4096K, used 770K [0x00000000d5580000, 0x00000000d5a80000, 0x0000000100000000)
  eden space 3072K, 0% used [0x00000000d5580000,0x00000000d5580000,0x00000000d5880000)
  from space 1024K, 75% used [0x00000000d5980000,0x00000000d5a40aa8,0x00000000d5a80000)
  to   space 1024K, 0% used [0x00000000d5880000,0x00000000d5880000,0x00000000d5980000)
 ParOldGen       total 202240K, used 201955K [0x0000000080000000, 0x000000008c580000, 0x00000000d5580000)
  object space 202240K, 99% used [0x0000000080000000,0x000000008c538fd8,0x000000008c580000)
 Metaspace       used 64195K, committed 65472K, reserved 1114112K
  class space    used 6919K, committed 7488K, reserved 1048576K
}
Event: 17.784 GC heap before
{Heap before GC invocations=174 (full 3):
 PSYoungGen      total 4096K, used 3842K [0x00000000d5580000, 0x00000000d5a80000, 0x0000000100000000)
  eden space 3072K, 100% used [0x00000000d5580000,0x00000000d5880000,0x00000000d5880000)
  from space 1024K, 75% used [0x00000000d5980000,0x00000000d5a40aa8,0x00000000d5a80000)
  to   space 1024K, 0% used [0x00000000d5880000,0x00000000d5880000,0x00000000d5980000)
 ParOldGen       total 202240K, used 201955K [0x0000000080000000, 0x000000008c580000, 0x00000000d5580000)
  object space 202240K, 99% used [0x0000000080000000,0x000000008c538fd8,0x000000008c580000)
 Metaspace       used 64195K, committed 65472K, reserved 1114112K
  class space    used 6919K, committed 7488K, reserved 1048576K
}
Event: 17.785 GC heap after
{Heap after GC invocations=174 (full 3):
 PSYoungGen      total 4096K, used 927K [0x00000000d5580000, 0x00000000d5a80000, 0x0000000100000000)
  eden space 3072K, 0% used [0x00000000d5580000,0x00000000d5580000,0x00000000d5880000)
  from space 1024K, 90% used [0x00000000d5880000,0x00000000d5967e58,0x00000000d5980000)
  to   space 1024K, 0% used [0x00000000d5980000,0x00000000d5980000,0x00000000d5a80000)
 ParOldGen       total 202752K, used 202616K [0x0000000080000000, 0x000000008c600000, 0x00000000d5580000)
  object space 202752K, 99% used [0x0000000080000000,0x000000008c5de010,0x000000008c600000)
 Metaspace       used 64195K, committed 65472K, reserved 1114112K
  class space    used 6919K, committed 7488K, reserved 1048576K
}
Event: 17.796 GC heap before
{Heap before GC invocations=175 (full 3):
 PSYoungGen      total 4096K, used 3997K [0x00000000d5580000, 0x00000000d5a80000, 0x0000000100000000)
  eden space 3072K, 99% used [0x00000000d5580000,0x00000000d587f648,0x00000000d5880000)
  from space 1024K, 90% used [0x00000000d5880000,0x00000000d5967e58,0x00000000d5980000)
  to   space 1024K, 0% used [0x00000000d5980000,0x00000000d5980000,0x00000000d5a80000)
 ParOldGen       total 202752K, used 202616K [0x0000000080000000, 0x000000008c600000, 0x00000000d5580000)
  object space 202752K, 99% used [0x0000000080000000,0x000000008c5de010,0x000000008c600000)
 Metaspace       used 64195K, committed 65472K, reserved 1114112K
  class space    used 6919K, committed 7488K, reserved 1048576K
}
Event: 17.798 GC heap after
{Heap after GC invocations=175 (full 3):
 PSYoungGen      total 4096K, used 884K [0x00000000d5580000, 0x00000000d5a80000, 0x0000000100000000)
  eden space 3072K, 0% used [0x00000000d5580000,0x00000000d5580000,0x00000000d5880000)
  from space 1024K, 86% used [0x00000000d5980000,0x00000000d5a5d190,0x00000000d5a80000)
  to   space 1024K, 0% used [0x00000000d5880000,0x00000000d5880000,0x00000000d5980000)
 ParOldGen       total 203776K, used 203630K [0x0000000080000000, 0x000000008c700000, 0x00000000d5580000)
  object space 203776K, 99% used [0x0000000080000000,0x000000008c6dbae0,0x000000008c700000)
 Metaspace       used 64195K, committed 65472K, reserved 1114112K
  class space    used 6919K, committed 7488K, reserved 1048576K
}
Event: 17.805 GC heap before
{Heap before GC invocations=176 (full 3):
 PSYoungGen      total 4096K, used 3917K [0x00000000d5580000, 0x00000000d5a80000, 0x0000000100000000)
  eden space 3072K, 98% used [0x00000000d5580000,0x00000000d5876588,0x00000000d5880000)
  from space 1024K, 86% used [0x00000000d5980000,0x00000000d5a5d190,0x00000000d5a80000)
  to   space 1024K, 0% used [0x00000000d5880000,0x00000000d5880000,0x00000000d5980000)
 ParOldGen       total 203776K, used 203630K [0x0000000080000000, 0x000000008c700000, 0x00000000d5580000)
  object space 203776K, 99% used [0x0000000080000000,0x000000008c6dbae0,0x000000008c700000)
 Metaspace       used 64195K, committed 65472K, reserved 1114112K
  class space    used 6919K, committed 7488K, reserved 1048576K
}
Event: 17.810 GC heap after
{Heap after GC invocations=176 (full 3):
 PSYoungGen      total 4096K, used 1009K [0x00000000d5580000, 0x00000000d5a80000, 0x0000000100000000)
  eden space 3072K, 0% used [0x00000000d5580000,0x00000000d5580000,0x00000000d5880000)
  from space 1024K, 98% used [0x00000000d5880000,0x00000000d597c410,0x00000000d5980000)
  to   space 1024K, 0% used [0x00000000d5980000,0x00000000d5980000,0x00000000d5a80000)
 ParOldGen       total 204800K, used 204382K [0x0000000080000000, 0x000000008c800000, 0x00000000d5580000)
  object space 204800K, 99% used [0x0000000080000000,0x000000008c797908,0x000000008c800000)
 Metaspace       used 64195K, committed 65472K, reserved 1114112K
  class space    used 6919K, committed 7488K, reserved 1048576K
}
Event: 17.815 GC heap before
{Heap before GC invocations=177 (full 3):
 PSYoungGen      total 4096K, used 4081K [0x00000000d5580000, 0x00000000d5a80000, 0x0000000100000000)
  eden space 3072K, 100% used [0x00000000d5580000,0x00000000d5880000,0x00000000d5880000)
  from space 1024K, 98% used [0x00000000d5880000,0x00000000d597c410,0x00000000d5980000)
  to   space 1024K, 0% used [0x00000000d5980000,0x00000000d5980000,0x00000000d5a80000)
 ParOldGen       total 204800K, used 204382K [0x0000000080000000, 0x000000008c800000, 0x00000000d5580000)
  object space 204800K, 99% used [0x0000000080000000,0x000000008c797908,0x000000008c800000)
 Metaspace       used 64195K, committed 65472K, reserved 1114112K
  class space    used 6919K, committed 7488K, reserved 1048576K
}
Event: 17.818 GC heap after
{Heap after GC invocations=177 (full 3):
 PSYoungGen      total 4096K, used 995K [0x00000000d5580000, 0x00000000d5a80000, 0x0000000100000000)
  eden space 3072K, 0% used [0x00000000d5580000,0x00000000d5580000,0x00000000d5880000)
  from space 1024K, 97% used [0x00000000d5980000,0x00000000d5a78c90,0x00000000d5a80000)
  to   space 1024K, 0% used [0x00000000d5880000,0x00000000d5880000,0x00000000d5980000)
 ParOldGen       total 205824K, used 205414K [0x0000000080000000, 0x000000008c900000, 0x00000000d5580000)
  object space 205824K, 99% used [0x0000000080000000,0x000000008c899930,0x000000008c900000)
 Metaspace       used 64195K, committed 65472K, reserved 1114112K
  class space    used 6919K, committed 7488K, reserved 1048576K
}
Event: 17.836 GC heap before
{Heap before GC invocations=178 (full 3):
 PSYoungGen      total 4096K, used 4067K [0x00000000d5580000, 0x00000000d5a80000, 0x0000000100000000)
  eden space 3072K, 100% used [0x00000000d5580000,0x00000000d5880000,0x00000000d5880000)
  from space 1024K, 97% used [0x00000000d5980000,0x00000000d5a78c90,0x00000000d5a80000)
  to   space 1024K, 0% used [0x00000000d5880000,0x00000000d5880000,0x00000000d5980000)
 ParOldGen       total 205824K, used 205414K [0x0000000080000000, 0x000000008c900000, 0x00000000d5580000)
  object space 205824K, 99% used [0x0000000080000000,0x000000008c899930,0x000000008c900000)
 Metaspace       used 64195K, committed 65472K, reserved 1114112K
  class space    used 6919K, committed 7488K, reserved 1048576K
}
Event: 17.838 GC heap after
{Heap after GC invocations=178 (full 3):
 PSYoungGen      total 4096K, used 4067K [0x00000000d5580000, 0x00000000d5a80000, 0x0000000100000000)
  eden space 3072K, 100% used [0x00000000d5580000,0x00000000d5880000,0x00000000d5880000)
  from space 1024K, 97% used [0x00000000d5980000,0x00000000d5a78c90,0x00000000d5a80000)
  to   space 1024K, 98% used [0x00000000d5880000,0x00000000d597b980,0x00000000d5980000)
 ParOldGen       total 206336K, used 205895K [0x0000000080000000, 0x000000008c980000, 0x00000000d5580000)
  object space 206336K, 99% used [0x0000000080000000,0x000000008c911f78,0x000000008c980000)
 Metaspace       used 64195K, committed 65472K, reserved 1114112K
  class space    used 6919K, committed 7488K, reserved 1048576K
}
Event: 17.839 GC heap before
{Heap before GC invocations=179 (full 4):
 PSYoungGen      total 4096K, used 4067K [0x00000000d5580000, 0x00000000d5a80000, 0x0000000100000000)
  eden space 3072K, 100% used [0x00000000d5580000,0x00000000d5880000,0x00000000d5880000)
  from space 1024K, 97% used [0x00000000d5980000,0x00000000d5a78c90,0x00000000d5a80000)
  to   space 1024K, 98% used [0x00000000d5880000,0x00000000d597b980,0x00000000d5980000)
 ParOldGen       total 206336K, used 205895K [0x0000000080000000, 0x000000008c980000, 0x00000000d5580000)
  object space 206336K, 99% used [0x0000000080000000,0x000000008c911f78,0x000000008c980000)
 Metaspace       used 64195K, committed 65472K, reserved 1114112K
  class space    used 6919K, committed 7488K, reserved 1048576K
}

Dll operation events (14 events):
Event: 0.011 Loaded shared library c:\Users\tacfs\.vscode\extensions\redhat.java-1.55.0-win32-x64\jre\21.0.11-win32-x86_64\bin\java.dll
Event: 0.060 Loaded shared library c:\Users\tacfs\.vscode\extensions\redhat.java-1.55.0-win32-x64\jre\21.0.11-win32-x86_64\bin\zip.dll
Event: 0.076 Loaded shared library C:\Users\tacfs\.vscode\extensions\redhat.java-1.55.0-win32-x64\jre\21.0.11-win32-x86_64\bin\instrument.dll
Event: 0.080 Loaded shared library C:\Users\tacfs\.vscode\extensions\redhat.java-1.55.0-win32-x64\jre\21.0.11-win32-x86_64\bin\net.dll
Event: 0.083 Loaded shared library C:\Users\tacfs\.vscode\extensions\redhat.java-1.55.0-win32-x64\jre\21.0.11-win32-x86_64\bin\nio.dll
Event: 0.086 Loaded shared library C:\Users\tacfs\.vscode\extensions\redhat.java-1.55.0-win32-x64\jre\21.0.11-win32-x86_64\bin\zip.dll
Event: 0.099 Loaded shared library C:\Users\tacfs\.vscode\extensions\redhat.java-1.55.0-win32-x64\jre\21.0.11-win32-x86_64\bin\jimage.dll
Event: 0.164 Loaded shared library c:\Users\tacfs\.vscode\extensions\redhat.java-1.55.0-win32-x64\jre\21.0.11-win32-x86_64\bin\verify.dll
Event: 1.453 Loaded shared library C:\Users\tacfs\AppData\Roaming\Code\User\globalStorage\redhat.java\1.55.0\config_win\org.eclipse.equinox.launcher\org.eclipse.equinox.launcher.win32.win32.x86_64_1.3.100.v20260613-0559\eclipse_11924.dll
Event: 7.559 Loaded shared library C:\Users\tacfs\.vscode\extensions\redhat.java-1.55.0-win32-x64\jre\21.0.11-win32-x86_64\bin\management.dll
Event: 7.561 Loaded shared library C:\Users\tacfs\.vscode\extensions\redhat.java-1.55.0-win32-x64\jre\21.0.11-win32-x86_64\bin\management_ext.dll
Event: 8.860 Loaded shared library C:\Users\tacfs\AppData\Local\Temp\jna-110116579\jna3465914793391445793.dll
Event: 9.295 Loaded shared library C:\Users\tacfs\.vscode\extensions\redhat.java-1.55.0-win32-x64\jre\21.0.11-win32-x86_64\bin\sunmscapi.dll
Event: 9.444 Loaded shared library C:\Users\tacfs\.vscode\extensions\redhat.java-1.55.0-win32-x64\jre\21.0.11-win32-x86_64\bin\extnet.dll

Deoptimization events (20 events):
Event: 17.336 Thread 0x000002acf0a33d70 DEOPT PACKING pc=0x000002ac9a1e68d3 sp=0x000000d2c91fe7f0
Event: 17.336 Thread 0x000002acf0a33d70 DEOPT UNPACKING pc=0x000002aca0e278e2 sp=0x000000d2c91fdd58 mode 0
Event: 17.338 Thread 0x000002acf0a33d70 DEOPT PACKING pc=0x000002ac9a1e6853 sp=0x000000d2c91fe7f0
Event: 17.338 Thread 0x000002acf0a33d70 DEOPT UNPACKING pc=0x000002aca0e278e2 sp=0x000000d2c91fdd58 mode 0
Event: 17.340 Thread 0x000002acf0a33d70 DEOPT PACKING pc=0x000002ac9a1e6a78 sp=0x000000d2c91fe7f0
Event: 17.340 Thread 0x000002acf0a33d70 DEOPT UNPACKING pc=0x000002aca0e278e2 sp=0x000000d2c91fdd58 mode 0
Event: 17.348 Thread 0x000002acf0a33d70 DEOPT PACKING pc=0x000002ac9a1e6853 sp=0x000000d2c91fe7f0
Event: 17.348 Thread 0x000002acf0a33d70 DEOPT UNPACKING pc=0x000002aca0e278e2 sp=0x000000d2c91fdd58 mode 0
Event: 17.351 Thread 0x000002acf0a33d70 DEOPT PACKING pc=0x000002ac9a1e68d3 sp=0x000000d2c91fe7f0
Event: 17.351 Thread 0x000002acf0a33d70 DEOPT UNPACKING pc=0x000002aca0e278e2 sp=0x000000d2c91fdd58 mode 0
Event: 17.357 Thread 0x000002acf0a33d70 DEOPT PACKING pc=0x000002ac9a1e6a78 sp=0x000000d2c91fe7f0
Event: 17.357 Thread 0x000002acf0a33d70 DEOPT UNPACKING pc=0x000002aca0e278e2 sp=0x000000d2c91fdd58 mode 0
Event: 17.492 Thread 0x000002acf0a33d70 Uncommon trap: trap_request=0xffffff6e fr.pc=0x000002aca17520e0 relative=0x0000000000000720
Event: 17.492 Thread 0x000002acf0a33d70 Uncommon trap: reason=loop_limit_check action=maybe_recompile pc=0x000002aca17520e0 method=org.eclipse.jdt.internal.compiler.util.HashtableOfObject.rehash()V @ 56 c2
Event: 17.492 Thread 0x000002acf0a33d70 DEOPT PACKING pc=0x000002aca17520e0 sp=0x000000d2c91fe640
Event: 17.492 Thread 0x000002acf0a33d70 DEOPT UNPACKING pc=0x000002aca0e26da2 sp=0x000000d2c91fe5e8 mode 2
Event: 17.694 Thread 0x000002acf0a33d70 Uncommon trap: trap_request=0xffffff45 fr.pc=0x000002aca17469bc relative=0x00000000000010dc
Event: 17.694 Thread 0x000002acf0a33d70 Uncommon trap: reason=unstable_if action=reinterpret pc=0x000002aca17469bc method=org.eclipse.jdt.internal.compiler.classfmt.MethodInfo.createMethod([B[IIJ)Lorg/eclipse/jdt/internal/compiler/classfmt/MethodInfo; @ 217 c2
Event: 17.694 Thread 0x000002acf0a33d70 DEOPT PACKING pc=0x000002aca17469bc sp=0x000000d2c91fe800
Event: 17.694 Thread 0x000002acf0a33d70 DEOPT UNPACKING pc=0x000002aca0e26da2 sp=0x000000d2c91fe750 mode 2

Classes loaded (20 events):
Event: 16.242 Loading class java/util/stream/ReduceOps$4ReducingSink
Event: 16.242 Loading class java/util/stream/ReduceOps$4ReducingSink done
Event: 16.243 Loading class java/nio/file/Files$2
Event: 16.243 Loading class java/nio/file/Files$2 done
Event: 16.296 Loading class java/util/concurrent/ArrayBlockingQueue
Event: 16.296 Loading class java/util/concurrent/ArrayBlockingQueue done
Event: 16.356 Loading class java/util/Hashtable$ValueCollection
Event: 16.356 Loading class java/util/Hashtable$ValueCollection done
Event: 16.360 Loading class java/util/concurrent/ConcurrentHashMap$KeySpliterator
Event: 16.360 Loading class java/util/concurrent/ConcurrentHashMap$KeySpliterator done
Event: 16.406 Loading class java/util/stream/ReferencePipeline$4
Event: 16.406 Loading class java/util/stream/ReferencePipeline$4 done
Event: 16.406 Loading class java/util/stream/Nodes$IntFixedNodeBuilder
Event: 16.406 Loading class java/util/stream/Node$Builder$OfInt
Event: 16.407 Loading class java/util/stream/Node$Builder$OfInt done
Event: 16.407 Loading class java/util/stream/Nodes$IntArrayNode
Event: 16.407 Loading class java/util/stream/Nodes$IntArrayNode done
Event: 16.407 Loading class java/util/stream/Nodes$IntFixedNodeBuilder done
Event: 16.407 Loading class java/util/stream/ReferencePipeline$4$1
Event: 16.407 Loading class java/util/stream/ReferencePipeline$4$1 done

Classes unloaded (7 events):
Event: 8.072 Thread 0x000002acef460d70 Unloading class 0x000002acae1b5000 'java/lang/invoke/LambdaForm$MH+0x000002acae1b5000'
Event: 8.072 Thread 0x000002acef460d70 Unloading class 0x000002acae1b4c00 'java/lang/invoke/LambdaForm$MH+0x000002acae1b4c00'
Event: 8.072 Thread 0x000002acef460d70 Unloading class 0x000002acae1b4800 'java/lang/invoke/LambdaForm$MH+0x000002acae1b4800'
Event: 8.072 Thread 0x000002acef460d70 Unloading class 0x000002acae1b4400 'java/lang/invoke/LambdaForm$MH+0x000002acae1b4400'
Event: 8.072 Thread 0x000002acef460d70 Unloading class 0x000002acae1b4000 'java/lang/invoke/LambdaForm$BMH+0x000002acae1b4000'
Event: 8.072 Thread 0x000002acef460d70 Unloading class 0x000002acae1b3c00 'java/lang/invoke/LambdaForm$DMH+0x000002acae1b3c00'
Event: 8.072 Thread 0x000002acef460d70 Unloading class 0x000002acae1b2800 'java/lang/invoke/LambdaForm$DMH+0x000002acae1b2800'

Classes redefined (0 events):
No events

Internal exceptions (20 events):
Event: 15.509 Thread 0x000002acf6d8b960 Exception <a 'java/lang/IncompatibleClassChangeError'{0x00000000d5693898}: Found class java.lang.Object, but interface was expected> (0x00000000d5693898) 
thrown [s\src\hotspot\share\interpreter\linkResolver.cpp, line 840]
Event: 15.532 Thread 0x000002acf0a34a90 Exception <a 'java/lang/NoSuchMethodError'{0x00000000d5f2a790}: 'long java.lang.invoke.Invokers$Holder.invokeExact_MT(java.lang.Object, java.lang.Object)'> (0x00000000d5f2a790) 
thrown [s\src\hotspot\share\interpreter\linkResolver.cpp, line 773]
Event: 15.553 Thread 0x000002acf0a34a90 Exception <a 'java/lang/NoSuchMethodError'{0x00000000d574ea70}: 'java.lang.Object java.lang.invoke.DirectMethodHandle$Holder.newInvokeSpecial(java.lang.Object, java.lang.Object, java.lang.Object, java.lang.Object, java.lang.Object, java.lang.Object, java.lang.Object, java.lang.Object)'> (0x00000000d574ea70) 
thrown [s\src\hotspot\share\interpreter\linkResolver.cpp, line 773]
Event: 15.563 Thread 0x000002acf0a34a90 Exception <a 'sun/nio/fs/WindowsException'{0x00000000d59f30e8}> (0x00000000d59f30e8) 
thrown [s\src\hotspot\share\prims\jni.cpp, line 520]
Event: 15.565 Thread 0x000002acf0a34a90 Exception <a 'sun/nio/fs/WindowsException'{0x00000000d59f8570}> (0x00000000d59f8570) 
thrown [s\src\hotspot\share\prims\jni.cpp, line 520]
Event: 15.685 Thread 0x000002acf0a34a90 Exception <a 'java/lang/NoSuchMethodError'{0x00000000d5ea83d0}: 'int java.lang.invoke.DirectMethodHandle$Holder.invokeStatic(java.lang.Object)'> (0x00000000d5ea83d0) 
thrown [s\src\hotspot\share\interpreter\linkResolver.cpp, line 773]
Event: 15.725 Thread 0x000002acf0a34a90 Exception <a 'java/io/FileNotFoundException'{0x00000000d5be6238}> (0x00000000d5be6238) 
thrown [s\src\hotspot\share\prims\jni.cpp, line 520]
Event: 15.725 Thread 0x000002acf0a34a90 Exception <a 'java/io/FileNotFoundException'{0x00000000d5c1cd88}> (0x00000000d5c1cd88) 
thrown [s\src\hotspot\share\prims\jni.cpp, line 520]
Event: 15.726 Thread 0x000002acf0a34a90 Exception <a 'java/io/FileNotFoundException'{0x00000000d5c1ddd8}> (0x00000000d5c1ddd8) 
thrown [s\src\hotspot\share\prims\jni.cpp, line 520]
Event: 15.833 Thread 0x000002acf0a34a90 Exception <a 'sun/nio/fs/WindowsException'{0x00000000d5d86600}> (0x00000000d5d86600) 
thrown [s\src\hotspot\share\prims\jni.cpp, line 520]
Event: 15.833 Thread 0x000002acf0a34a90 Exception <a 'sun/nio/fs/WindowsException'{0x00000000d5d86d18}> (0x00000000d5d86d18) 
thrown [s\src\hotspot\share\prims\jni.cpp, line 520]
Event: 16.244 Thread 0x000002acf0a34a90 Exception <a 'java/lang/NoSuchMethodError'{0x00000000d592fb50}: 'int java.lang.invoke.DirectMethodHandle$Holder.invokeSpecialIFC(java.lang.Object, java.lang.Object, java.lang.Object)'> (0x00000000d592fb50) 
thrown [s\src\hotspot\share\interpreter\linkResolver.cpp, line 773]
Event: 16.331 Thread 0x000002acf8e15a20 Exception <a 'java/lang/NoSuchMethodError'{0x00000000d5778c40}: 'java.lang.Object java.lang.invoke.DirectMethodHandle$Holder.invokeStatic(java.lang.Object, java.lang.Object, int, java.lang.Object)'> (0x00000000d5778c40) 
thrown [s\src\hotspot\share\interpreter\linkResolver.cpp, line 773]
Event: 16.332 Thread 0x000002acf8e15a20 Exception <a 'java/lang/NoSuchMethodError'{0x00000000d57d0418}: 'java.lang.Object java.lang.invoke.DirectMethodHandle$Holder.newInvokeSpecial(java.lang.Object, java.lang.Object, int)'> (0x00000000d57d0418) 
thrown [s\src\hotspot\share\interpreter\linkResolver.cpp, line 773]
Event: 16.362 Thread 0x000002acf0a34a90 Exception <a 'java/lang/NoSuchMethodError'{0x00000000d5816698}: 'java.lang.Object java.lang.invoke.DirectMethodHandle$Holder.newInvokeSpecial(java.lang.Object, java.lang.Object, int, int, java.lang.Object)'> (0x00000000d5816698) 
thrown [s\src\hotspot\share\interpreter\linkResolver.cpp, line 773]
Event: 16.506 Thread 0x000002acf0a30260 Exception <a 'sun/nio/fs/WindowsException'{0x00000000d5639258}> (0x00000000d5639258) 
thrown [s\src\hotspot\share\prims\jni.cpp, line 520]
Event: 16.506 Thread 0x000002acf0a30260 Exception <a 'sun/nio/fs/WindowsException'{0x00000000d567a028}> (0x00000000d567a028) 
thrown [s\src\hotspot\share\prims\jni.cpp, line 520]
Event: 16.507 Thread 0x000002acf8e15a20 Exception <a 'java/lang/NoSuchMethodError'{0x00000000d56bfd10}: 'java.lang.Object java.lang.invoke.DirectMethodHandle$Holder.invokeStatic(java.lang.Object, java.lang.Object, int, java.lang.Object, java.lang.Object)'> (0x00000000d56bfd10) 
thrown [s\src\hotspot\share\interpreter\linkResolver.cpp, line 773]
Event: 16.643 Thread 0x000002acf0a34a90 Exception <a 'sun/nio/fs/WindowsException'{0x00000000d5863218}> (0x00000000d5863218) 
thrown [s\src\hotspot\share\prims\jni.cpp, line 520]
Event: 16.643 Thread 0x000002acf0a34a90 Exception <a 'sun/nio/fs/WindowsException'{0x00000000d5898808}> (0x00000000d5898808) 
thrown [s\src\hotspot\share\prims\jni.cpp, line 520]

ZGC Phase Switch (0 events):
No events

VM Operations (20 events):
Event: 17.728 Executing safepoint VM operation: ParallelGCFailedAllocation (Allocation Failure) done
Event: 17.737 Executing safepoint VM operation: ParallelGCFailedAllocation (Allocation Failure)
Event: 17.738 Executing safepoint VM operation: ParallelGCFailedAllocation (Allocation Failure) done
Event: 17.745 Executing safepoint VM operation: ParallelGCFailedAllocation (Allocation Failure)
Event: 17.746 Executing safepoint VM operation: ParallelGCFailedAllocation (Allocation Failure) done
Event: 17.753 Executing safepoint VM operation: ParallelGCFailedAllocation (Allocation Failure)
Event: 17.755 Executing safepoint VM operation: ParallelGCFailedAllocation (Allocation Failure) done
Event: 17.762 Executing safepoint VM operation: ParallelGCFailedAllocation (Allocation Failure)
Event: 17.763 Executing safepoint VM operation: ParallelGCFailedAllocation (Allocation Failure) done
Event: 17.774 Executing safepoint VM operation: ParallelGCFailedAllocation (Allocation Failure)
Event: 17.775 Executing safepoint VM operation: ParallelGCFailedAllocation (Allocation Failure) done
Event: 17.784 Executing safepoint VM operation: ParallelGCFailedAllocation (Allocation Failure)
Event: 17.785 Executing safepoint VM operation: ParallelGCFailedAllocation (Allocation Failure) done
Event: 17.795 Executing safepoint VM operation: ParallelGCFailedAllocation (Allocation Failure)
Event: 17.798 Executing safepoint VM operation: ParallelGCFailedAllocation (Allocation Failure) done
Event: 17.805 Executing safepoint VM operation: ParallelGCFailedAllocation (Allocation Failure)
Event: 17.810 Executing safepoint VM operation: ParallelGCFailedAllocation (Allocation Failure) done
Event: 17.815 Executing safepoint VM operation: ParallelGCFailedAllocation (Allocation Failure)
Event: 17.818 Executing safepoint VM operation: ParallelGCFailedAllocation (Allocation Failure) done
Event: 17.835 Executing safepoint VM operation: ParallelGCFailedAllocation (Allocation Failure)

Memory protections (0 events):
No events

Nmethod flushes (20 events):
Event: 15.179 Thread 0x000002acef460d70 flushing  nmethod 0x000002ac9a1e8c10
Event: 15.179 Thread 0x000002acef460d70 flushing  nmethod 0x000002ac9a1e9110
Event: 15.179 Thread 0x000002acef460d70 flushing  nmethod 0x000002ac9a1ea210
Event: 15.179 Thread 0x000002acef460d70 flushing  nmethod 0x000002ac9a203f10
Event: 15.179 Thread 0x000002acef460d70 flushing  nmethod 0x000002ac9a21b490
Event: 15.179 Thread 0x000002acef460d70 flushing  nmethod 0x000002ac9a238b10
Event: 15.179 Thread 0x000002acef460d70 flushing  nmethod 0x000002ac9a238e10
Event: 15.179 Thread 0x000002acef460d70 flushing  nmethod 0x000002ac9a239710
Event: 15.179 Thread 0x000002acef460d70 flushing  nmethod 0x000002ac9a23de90
Event: 15.179 Thread 0x000002acef460d70 flushing  nmethod 0x000002ac9a23e410
Event: 15.179 Thread 0x000002acef460d70 flushing  nmethod 0x000002ac9a24a410
Event: 15.179 Thread 0x000002acef460d70 flushing  nmethod 0x000002ac9a24ad10
Event: 15.179 Thread 0x000002acef460d70 flushing  nmethod 0x000002ac9a24b090
Event: 15.179 Thread 0x000002acef460d70 flushing  nmethod 0x000002ac9a24b990
Event: 15.179 Thread 0x000002acef460d70 flushing  nmethod 0x000002ac9a24c010
Event: 15.179 Thread 0x000002acef460d70 flushing  nmethod 0x000002ac9a250410
Event: 15.179 Thread 0x000002acef460d70 flushing  nmethod 0x000002ac9a25d210
Event: 15.179 Thread 0x000002acef460d70 flushing  nmethod 0x000002ac9a26c810
Event: 15.179 Thread 0x000002acef460d70 flushing  nmethod 0x000002ac9a270690
Event: 15.179 Thread 0x000002acef460d70 flushing  nmethod 0x000002ac9a27a090

Events (20 events):
Event: 15.523 Thread 0x000002acf0a34a90 Thread added: 0x000002acf0a33050
Event: 15.525 Thread 0x000002acf0a33050 Thread added: 0x000002acf0a2fbd0
Event: 15.526 Thread 0x000002acf0a33050 Thread exited: 0x000002acf0a33050
Event: 15.526 Thread 0x000002acf0a2fbd0 Thread exited: 0x000002acf0a2fbd0
Event: 16.039 Thread 0x000002acf0a34a90 Thread added: 0x000002acf0a33050
Event: 16.039 Thread 0x000002acf0a34a90 Thread added: 0x000002acf0a2fbd0
Event: 16.039 Thread 0x000002acf0a34a90 Thread added: 0x000002acef6b04a0
Event: 16.039 Thread 0x000002acf0a34a90 Thread added: 0x000002acf8e17460
Event: 16.040 Thread 0x000002acf0a34a90 Thread added: 0x000002acf8e16dd0
Event: 16.040 Thread 0x000002acf0a2fbd0 Thread added: 0x000002acf8e15390
Event: 16.040 Thread 0x000002acf8e16dd0 Thread added: 0x000002acf8e17af0
Event: 16.297 Thread 0x000002acf0a34a90 Thread added: 0x000002acf8e15a20
Event: 16.363 Thread 0x000002acf0a34a90 Thread added: 0x000002acf8e16740
Event: 16.386 Thread 0x000002acf0a34a90 Thread added: 0x000002acf8e160b0
Event: 16.612 Thread 0x000002acf0a34a90 Thread added: 0x000002acf8e14d00
Event: 16.612 Thread 0x000002acf0a34a90 Thread added: 0x000002acef7005c0
Event: 16.622 Thread 0x000002acf0a34a90 Thread added: 0x000002acef6fe4f0
Event: 16.631 Thread 0x000002acf0a34a90 Thread added: 0x000002acef6feb80
Event: 16.636 Thread 0x000002acf0a34a90 Thread added: 0x000002acef700c50
Event: 16.640 Thread 0x000002acf0a34a90 Thread added: 0x000002acef6ff8a0


Dynamic libraries:
0x00007ff626ee0000 - 0x00007ff626eee000 	c:\Users\tacfs\.vscode\extensions\redhat.java-1.55.0-win32-x64\jre\21.0.11-win32-x86_64\bin\java.exe
0x00007ff9a1d00000 - 0x00007ff9a1f67000 	C:\WINDOWS\SYSTEM32\ntdll.dll
0x00007ff99fd80000 - 0x00007ff99fe4a000 	C:\WINDOWS\System32\KERNEL32.DLL
0x00007ff99f2d0000 - 0x00007ff99f6d2000 	C:\WINDOWS\System32\KERNELBASE.dll
0x00007ff99f170000 - 0x00007ff99f2bc000 	C:\WINDOWS\System32\ucrtbase.dll
0x00007ff96b980000 - 0x00007ff96b998000 	c:\Users\tacfs\.vscode\extensions\redhat.java-1.55.0-win32-x64\jre\21.0.11-win32-x86_64\bin\jli.dll
0x00007ff96ad50000 - 0x00007ff96ad6e000 	c:\Users\tacfs\.vscode\extensions\redhat.java-1.55.0-win32-x64\jre\21.0.11-win32-x86_64\bin\VCRUNTIME140.dll
0x00007ff9a1790000 - 0x00007ff9a195f000 	C:\WINDOWS\System32\USER32.dll
0x00007ff99ef10000 - 0x00007ff99ef37000 	C:\WINDOWS\System32\win32u.dll
0x00007ff981940000 - 0x00007ff981bd0000 	C:\WINDOWS\WinSxS\amd64_microsoft.windows.common-controls_6595b64144ccf1df_6.0.26100.9278_none_3e0d1ba8e3303201\COMCTL32.dll
0x00007ff9a15e0000 - 0x00007ff9a160b000 	C:\WINDOWS\System32\GDI32.dll
0x00007ff9a03c0000 - 0x00007ff9a0469000 	C:\WINDOWS\System32\msvcrt.dll
0x00007ff99f6e0000 - 0x00007ff99f809000 	C:\WINDOWS\System32\gdi32full.dll
0x00007ff99f000000 - 0x00007ff99f0a3000 	C:\WINDOWS\System32\msvcp_win.dll
0x00007ff9a06e0000 - 0x00007ff9a0711000 	C:\WINDOWS\System32\IMM32.DLL
0x00007ff972630000 - 0x00007ff97263c000 	c:\Users\tacfs\.vscode\extensions\redhat.java-1.55.0-win32-x64\jre\21.0.11-win32-x86_64\bin\vcruntime140_1.dll
0x00007ff91a780000 - 0x00007ff91a80d000 	c:\Users\tacfs\.vscode\extensions\redhat.java-1.55.0-win32-x64\jre\21.0.11-win32-x86_64\bin\msvcp140.dll
0x00007ff900f20000 - 0x00007ff901cc2000 	c:\Users\tacfs\.vscode\extensions\redhat.java-1.55.0-win32-x64\jre\21.0.11-win32-x86_64\bin\server\jvm.dll
0x00007ff9a01f0000 - 0x00007ff9a02ac000 	C:\WINDOWS\System32\ADVAPI32.dll
0x00007ff9a0810000 - 0x00007ff9a08b9000 	C:\WINDOWS\System32\sechost.dll
0x00007ff99fc60000 - 0x00007ff99fd78000 	C:\WINDOWS\System32\RPCRT4.dll
0x00007ff9a1c30000 - 0x00007ff9a1cb0000 	C:\WINDOWS\System32\WS2_32.dll
0x00007ff99ecc0000 - 0x00007ff99ed1e000 	C:\WINDOWS\SYSTEM32\POWRPROF.dll
0x00007ff998da0000 - 0x00007ff998dab000 	C:\WINDOWS\SYSTEM32\VERSION.dll
0x00007ff991ff0000 - 0x00007ff992026000 	C:\WINDOWS\SYSTEM32\WINMM.dll
0x00007ff99eca0000 - 0x00007ff99ecb5000 	C:\WINDOWS\SYSTEM32\UMPDC.dll
0x00007ff99dbb0000 - 0x00007ff99dbcb000 	C:\WINDOWS\SYSTEM32\kernel.appcore.dll
0x00007ff96f440000 - 0x00007ff96f44a000 	c:\Users\tacfs\.vscode\extensions\redhat.java-1.55.0-win32-x64\jre\21.0.11-win32-x86_64\bin\jimage.dll
0x00007ff987720000 - 0x00007ff987962000 	C:\WINDOWS\SYSTEM32\DBGHELP.DLL
0x00007ff99fe60000 - 0x00007ff9a01e4000 	C:\WINDOWS\System32\combase.dll
0x00007ff9a08c0000 - 0x00007ff9a0999000 	C:\WINDOWS\System32\OLEAUT32.dll
0x00007ff982950000 - 0x00007ff98298b000 	C:\WINDOWS\SYSTEM32\dbgcore.DLL
0x00007ff99ef40000 - 0x00007ff99efec000 	C:\WINDOWS\System32\bcryptPrimitives.dll
0x00007ff96f230000 - 0x00007ff96f23f000 	c:\Users\tacfs\.vscode\extensions\redhat.java-1.55.0-win32-x64\jre\21.0.11-win32-x86_64\bin\instrument.dll
0x00007ff966f70000 - 0x00007ff966f90000 	c:\Users\tacfs\.vscode\extensions\redhat.java-1.55.0-win32-x64\jre\21.0.11-win32-x86_64\bin\java.dll
0x00007ff9a0e40000 - 0x00007ff9a15d8000 	C:\WINDOWS\System32\SHELL32.dll
0x00007ff99c950000 - 0x00007ff99d1fe000 	C:\WINDOWS\SYSTEM32\windows.storage.dll
0x00007ff9a02c0000 - 0x00007ff9a03bb000 	C:\WINDOWS\System32\SHCORE.dll
0x00007ff9a19c0000 - 0x00007ff9a1a26000 	C:\WINDOWS\System32\shlwapi.dll
0x00007ff99ee30000 - 0x00007ff99ee59000 	C:\WINDOWS\SYSTEM32\profapi.dll
0x00007ff966dd0000 - 0x00007ff966de8000 	c:\Users\tacfs\.vscode\extensions\redhat.java-1.55.0-win32-x64\jre\21.0.11-win32-x86_64\bin\zip.dll
0x00007ff96e670000 - 0x00007ff96e680000 	C:\Users\tacfs\.vscode\extensions\redhat.java-1.55.0-win32-x64\jre\21.0.11-win32-x86_64\bin\net.dll
0x00007ff9981f0000 - 0x00007ff99831a000 	C:\WINDOWS\SYSTEM32\WINHTTP.dll
0x00007ff99e180000 - 0x00007ff99e1ec000 	C:\WINDOWS\system32\mswsock.dll
0x00007ff964a90000 - 0x00007ff964aa6000 	C:\Users\tacfs\.vscode\extensions\redhat.java-1.55.0-win32-x64\jre\21.0.11-win32-x86_64\bin\nio.dll
0x00007ff96c180000 - 0x00007ff96c190000 	c:\Users\tacfs\.vscode\extensions\redhat.java-1.55.0-win32-x64\jre\21.0.11-win32-x86_64\bin\verify.dll
0x00007ff91b860000 - 0x00007ff91b8a5000 	C:\Users\tacfs\AppData\Roaming\Code\User\globalStorage\redhat.java\1.55.0\config_win\org.eclipse.equinox.launcher\org.eclipse.equinox.launcher.win32.win32.x86_64_1.3.100.v20260613-0559\eclipse_11924.dll
0x00007ff9a0480000 - 0x00007ff9a0619000 	C:\WINDOWS\System32\ole32.dll
0x00007ff96baf0000 - 0x00007ff96bafa000 	C:\Users\tacfs\.vscode\extensions\redhat.java-1.55.0-win32-x64\jre\21.0.11-win32-x86_64\bin\management.dll
0x00007ff96b950000 - 0x00007ff96b95c000 	C:\Users\tacfs\.vscode\extensions\redhat.java-1.55.0-win32-x64\jre\21.0.11-win32-x86_64\bin\management_ext.dll
0x00007ff9a0470000 - 0x00007ff9a0478000 	C:\WINDOWS\System32\PSAPI.DLL
0x00007ff99e490000 - 0x00007ff99e4ab000 	C:\WINDOWS\SYSTEM32\CRYPTSP.dll
0x00007ff99db10000 - 0x00007ff99db49000 	C:\WINDOWS\system32\rsaenh.dll
0x00007ff99e230000 - 0x00007ff99e264000 	C:\WINDOWS\SYSTEM32\USERENV.dll
0x00007ff99ee00000 - 0x00007ff99ee2a000 	C:\WINDOWS\SYSTEM32\bcrypt.dll
0x00007ff99e4b0000 - 0x00007ff99e4bc000 	C:\WINDOWS\SYSTEM32\CRYPTBASE.dll
0x00007ff99d550000 - 0x00007ff99d583000 	C:\WINDOWS\SYSTEM32\IPHLPAPI.DLL
0x00007ff9a09a0000 - 0x00007ff9a09aa000 	C:\WINDOWS\System32\NSI.dll
0x00007ff9186e0000 - 0x00007ff918729000 	C:\Users\tacfs\AppData\Local\Temp\jna-110116579\jna3465914793391445793.dll
0x00007ff9981c0000 - 0x00007ff9981dd000 	C:\WINDOWS\SYSTEM32\dhcpcsvc6.DLL
0x00007ff998190000 - 0x00007ff9981b5000 	C:\WINDOWS\SYSTEM32\dhcpcsvc.DLL
0x00007ff96c120000 - 0x00007ff96c12e000 	C:\Users\tacfs\.vscode\extensions\redhat.java-1.55.0-win32-x64\jre\21.0.11-win32-x86_64\bin\sunmscapi.dll
0x00007ff99f810000 - 0x00007ff99f98e000 	C:\WINDOWS\System32\CRYPT32.dll
0x00007ff99e6d0000 - 0x00007ff99e700000 	C:\WINDOWS\SYSTEM32\ncrypt.dll
0x00007ff99e680000 - 0x00007ff99e6bf000 	C:\WINDOWS\SYSTEM32\NTASN1.dll
0x00007ff99d5e0000 - 0x00007ff99d738000 	C:\WINDOWS\SYSTEM32\DNSAPI.dll
0x00007ff99df50000 - 0x00007ff99df5d000 	C:\WINDOWS\SYSTEM32\DSPARSE.dll
0x00007ff98aaa0000 - 0x00007ff98aaab000 	C:\Windows\System32\rasadhlp.dll
0x00007ff9929b0000 - 0x00007ff992a36000 	C:\WINDOWS\System32\fwpuclnt.dll
0x00007ff96b1e0000 - 0x00007ff96b1e9000 	C:\Users\tacfs\.vscode\extensions\redhat.java-1.55.0-win32-x64\jre\21.0.11-win32-x86_64\bin\extnet.dll

JVMTI agents:
c:\Users\tacfs\.vscode\extensions\redhat.java-1.55.0-win32-x64\lombok\lombok-1.18.39-4050.jar path:c:\Users\tacfs\.vscode\extensions\redhat.java-1.55.0-win32-x64\jre\21.0.11-win32-x86_64\bin\instrument.dll, loaded, initialized, instrumentlib options:none

dbghelp: loaded successfully - version: 4.0.5 - missing functions: none
symbol engine: initialized successfully - sym options: 0x614 - pdb path: .;c:\Users\tacfs\.vscode\extensions\redhat.java-1.55.0-win32-x64\jre\21.0.11-win32-x86_64\bin;C:\WINDOWS\SYSTEM32;C:\WINDOWS\WinSxS\amd64_microsoft.windows.common-controls_6595b64144ccf1df_6.0.26100.9278_none_3e0d1ba8e3303201;c:\Users\tacfs\.vscode\extensions\redhat.java-1.55.0-win32-x64\jre\21.0.11-win32-x86_64\bin\server;C:\Users\tacfs\AppData\Roaming\Code\User\globalStorage\redhat.java\1.55.0\config_win\org.eclipse.equinox.launcher\org.eclipse.equinox.launcher.win32.win32.x86_64_1.3.100.v20260613-0559;C:\Users\tacfs\AppData\Local\Temp\jna-110116579

VM Arguments:
jvm_args: --add-modules=ALL-SYSTEM --add-opens=java.base/java.util=ALL-UNNAMED --add-opens=java.base/java.lang=ALL-UNNAMED --add-opens=java.base/sun.nio.fs=ALL-UNNAMED -Declipse.application=org.eclipse.jdt.ls.core.id1 -Dosgi.bundles.defaultStartLevel=4 -Declipse.product=org.eclipse.jdt.ls.core.product -Djava.import.generatesMetadataFilesAtProjectRoot=false -DDetectVMInstallationsJob.disabled=true -Dfile.encoding=utf8 -XX:+UseParallelGC -XX:GCTimeRatio=4 -XX:AdaptiveSizePolicyWeight=90 -Dsun.zip.disableMemoryMapping=true -Xmx2G -Xms100m -Xlog:disable -javaagent:c:\Users\tacfs\.vscode\extensions\redhat.java-1.55.0-win32-x64\lombok\lombok-1.18.39-4050.jar -XX:+HeapDumpOnOutOfMemoryError -XX:HeapDumpPath=c:\Users\tacfs\AppData\Roaming\Code\User\workspaceStorage\33469da54a707f922110a5d1e41f9150\redhat.java -Daether.dependencyCollector.impl=bf 
java_command: c:\Users\tacfs\.vscode\extensions\redhat.java-1.55.0-win32-x64\server\plugins\org.eclipse.equinox.launcher_1.7.200.v20260619-2039.jar -configuration c:\Users\tacfs\AppData\Roaming\Code\User\globalStorage\redhat.java\1.55.0\config_win -data c:\Users\tacfs\AppData\Roaming\Code\User\workspaceStorage\33469da54a707f922110a5d1e41f9150\redhat.java\jdt_ws --pipe=\\.\pipe\lsp-e88b062f36229bb4c3f3f9faee57f59d-sock
java_class_path (initial): c:\Users\tacfs\.vscode\extensions\redhat.java-1.55.0-win32-x64\server\plugins\org.eclipse.equinox.launcher_1.7.200.v20260619-2039.jar
Launcher Type: SUN_STANDARD

[Global flags]
    uintx AdaptiveSizePolicyWeight                 = 90                                        {product} {command line}
     intx CICompilerCount                          = 4                                         {product} {ergonomic}
    uintx GCTimeRatio                              = 4                                         {product} {command line}
     bool HeapDumpOnOutOfMemoryError               = true                                   {manageable} {command line}
    ccstr HeapDumpPath                             = c:\Users\tacfs\AppData\Roaming\Code\User\workspaceStorage\33469da54a707f922110a5d1e41f9150\redhat.java         {manageable} {command line}
   size_t InitialHeapSize                          = 104857600                                 {product} {command line}
   size_t MaxHeapSize                              = 2147483648                                {product} {command line}
   size_t MaxNewSize                               = 715653120                                 {product} {ergonomic}
   size_t MinHeapDeltaBytes                        = 524288                                    {product} {ergonomic}
   size_t MinHeapSize                              = 104857600                                 {product} {command line}
   size_t NewSize                                  = 34603008                                  {product} {ergonomic}
    uintx NonNMethodCodeHeapSize                   = 5839372                                {pd product} {ergonomic}
    uintx NonProfiledCodeHeapSize                  = 122909434                              {pd product} {ergonomic}
   size_t OldSize                                  = 70254592                                  {product} {ergonomic}
    uintx ProfiledCodeHeapSize                     = 122909434                              {pd product} {ergonomic}
    uintx ReservedCodeCacheSize                    = 251658240                              {pd product} {ergonomic}
     bool SegmentedCodeCache                       = true                                      {product} {ergonomic}
   size_t SoftMaxHeapSize                          = 2147483648                             {manageable} {ergonomic}
     bool UseCompressedOops                        = true                           {product lp64_product} {ergonomic}
     bool UseLargePagesIndividualAllocation        = false                                  {pd product} {ergonomic}
     bool UseParallelGC                            = true                                      {product} {command line}

Logging:
Log output configuration:
 #0: stdout all=off uptime,level,tags foldmultilines=false
 #1: stderr all=off uptime,level,tags foldmultilines=false

Release file:
JAVA_VERSION="21.0.11" 
MODULES="java.base java.compiler java.datatransfer java.xml java.prefs java.desktop java.instrument java.logging java.management java.security.sasl java.naming java.rmi java.management.rmi java.net.http java.scripting java.security.jgss java.transaction.xa java.sql java.sql.rowset java.xml.crypto java.se java.smartcardio jdk.accessibility jdk.internal.jvmstat jdk.attach jdk.charsets jdk.internal.opt jdk.zipfs jdk.compiler jdk.crypto.ec jdk.crypto.cryptoki jdk.crypto.mscapi jdk.dynalink jdk.internal.ed jdk.editpad jdk.hotspot.agent jdk.httpserver jdk.internal.le jdk.internal.vm.ci jdk.internal.vm.compiler jdk.internal.vm.compiler.management jdk.jartool jdk.javadoc jdk.jcmd jdk.management jdk.management.agent jdk.jconsole jdk.jdeps jdk.jdwp.agent jdk.jdi jdk.jfr jdk.jshell jdk.jsobject jdk.jstatd jdk.localedata jdk.management.jfr jdk.naming.dns jdk.naming.rmi jdk.net jdk.nio.mapmode jdk.random jdk.sctp jdk.security.auth jdk.security.jgss jdk.unsupported jdk.unsupported.desktop jdk.xml.dom" 

Environment Variables:
JAVA_HOME=C:\Program Files\Eclipse Adoptium\jre-17.0.12.7-hotspot\
PATH=C:\Program Files (x86)\Common Files\Oracle\Java\java8path;C:\Program Files (x86)\Common Files\Oracle\Java\javapath;C:\Python314\Scripts\;C:\Python314\;C:\Program Files (x86)\Razer Chroma SDK\bin;C:\Program Files\Razer Chroma SDK\bin;C:\Program Files\Eclipse Adoptium\jre-17.0.12.7-hotspot\bin;C:\WINDOWS\system32;C:\WINDOWS;C:\WINDOWS\System32\Wbem;C:\WINDOWS\System32\WindowsPowerShell\v1.0\;C:\WINDOWS\System32\OpenSSH\;C:\Program Files (x86)\NVIDIA Corporation\PhysX\Common;C:\Program Files\dotnet\;C:\Program Files\NVIDIA Corporation\NVIDIA App\NvDLISR;C:\WINDOWS\system32\config\systemprofile\AppData\Local\Microsoft\WindowsApps;C:\Program Files (x86)\Razer\ChromaBroadcast\bin;C:\Program Files\Razer\ChromaBroadcast\bin;C:\Users\tacfs\AppData\Local\Microsoft\WindowsApps;C:\Users\tacfs\AppData\Local\Programs\Microsoft VS Code\bin;C:\WINDOWS\system32;C:\WINDOWS;C:\WINDOWS\System32\Wbem;C:\WINDOWS\System32\WindowsPowerShell\v1.0\;C:\WINDOWS\System32\OpenSSH\;C:\Program Files\Cloudflare\Cloudflare WARP\;C:\Program Files\Git\cmd;C:\Program Files\nodejs\;C:\ProgramData\chocolatey\bin;C:\Program Files\Docker\Docker\resources\bin;C:\Program Files\Process Lasso\;C:\Users\tacfs\.cargo\bin;C:\Users\tacfs\scoop\shims;C:\Users\tacfs\AppData\Local\Microsoft\WindowsApps;C:\Users\tacfs\AppData\Local\Programs\Microsoft VS Code\bin;C:\Users\tacfs\AppData\Roaming\npm;C:\Users\tacfs\.deno\bin
USERNAME=tacfs
OS=Windows_NT
PROCESSOR_IDENTIFIER=Intel64 Family 6 Model 167 Stepping 1, GenuineIntel
TMP=C:\Users\tacfs\AppData\Local\Temp
TEMP=C:\Users\tacfs\AppData\Local\Temp




Periodic native trim disabled

---------------  S Y S T E M  ---------------

OS:
 Windows 11 , 64 bit Build 26100 (10.0.26100.9278)
OS uptime: 4 days 9:51 hours
Hyper-V role detected

CPU: total 12 (initial active 12) (6 cores per cpu, 2 threads per core) family 6 model 167 stepping 1 microcode 0x58, cx8, cmov, fxsr, ht, mmx, 3dnowpref, sse, sse2, sse3, ssse3, sse4.1, sse4.2, popcnt, lzcnt, tsc, tscinvbit, avx, avx2, aes, erms, clmul, bmi1, bmi2, adx, avx512f, avx512dq, avx512cd, avx512bw, avx512vl, sha, fma, vzeroupper, avx512_vpopcntdq, avx512_vpclmulqdq, avx512_vaes, avx512_vnni, clflush, clflushopt, avx512_vbmi2, avx512_vbmi, hv, rdtscp, rdpid, fsrm, gfni, avx512_bitalg, f16c, avx512_ifma
Processor Information for the first 12 processors :
  Max Mhz: 2592, Current Mhz: 2592, Mhz Limit: 2592

Memory: 4k page, system-wide physical 8075M (100M free)
TotalPageFile size 32651M (AvailPageFile size 1M)
current process WorkingSet (physical memory assigned to process): 479M, peak: 479M
current process commit charge ("private bytes"): 495M, peak: 1660M

vm_info: OpenJDK 64-Bit Server VM (21.0.11+10-LTS) for windows-amd64 JRE (21.0.11+10-LTS), built on 2026-04-21T00:00:00Z by "admin" with MS VC++ 17.12 (VS2022)

END.
